Archive member included to satisfy reference by file (symbol)

/usr/lib/gcc/arm-none-eabi/10.3.1/../../../arm-none-eabi/lib/thumb/v7e-m/nofp/libg.a(lib_a-atexit.o)
                              /usr/lib/gcc/arm-none-eabi/10.3.1/../../../arm-none-eabi/lib/thumb/v7e-m/nofp/crt0.o (atexit)
/usr/lib/gcc/arm-none-eabi/10.3.1/../../../arm-none-eabi/lib/thumb/v7e-m/nofp/libg.a(lib_a-calloc.o)
                              objdir-CW308_STM32F4/fips202.o (calloc)
/usr/lib/gcc/arm-none-eabi/10.3.1/../../../arm-none-eabi/lib/thumb/v7e-m/nofp/libg.a(lib_a-callocr.o)
                              /usr/lib/gcc/arm-none-eabi/10.3.1/../../../arm-none-eabi/lib/thumb/v7e-m/nofp/libg.a(lib_a-calloc.o) (_calloc_r)
/usr/lib/gcc/arm-none-eabi/10.3.1/../../../arm-none-eabi/lib/thumb/v7e-m/nofp/libg.a(lib_a-errno.o)
                              objdir-CW308_STM32F4/stm32f4_sysmem.o (__errno)
/usr/lib/gcc/arm-none-eabi/10.3.1/../../../arm-none-eabi/lib/thumb/v7e-m/nofp/libg.a(lib_a-exit.o)
                              /usr/lib/gcc/arm-none-eabi/10.3.1/../../../arm-none-eabi/lib/thumb/v7e-m/nofp/crt0.o (exit)
/usr/lib/gcc/arm-none-eabi/10.3.1/../../../arm-none-eabi/lib/thumb/v7e-m/nofp/libg.a(lib_a-fini.o)
                              /usr/lib/gcc/arm-none-eabi/10.3.1/../../../arm-none-eabi/lib/thumb/v7e-m/nofp/crt0.o (__libc_fini_array)
/usr/lib/gcc/arm-none-eabi/10.3.1/../../../arm-none-eabi/lib/thumb/v7e-m/nofp/libg.a(lib_a-impure.o)
                              /usr/lib/gcc/arm-none-eabi/10.3.1/../../../arm-none-eabi/lib/thumb/v7e-m/nofp/libg.a(lib_a-exit.o) (_global_impure_ptr)
/usr/lib/gcc/arm-none-eabi/10.3.1/../../../arm-none-eabi/lib/thumb/v7e-m/nofp/libg.a(lib_a-init.o)
                              /usr/lib/gcc/arm-none-eabi/10.3.1/../../../arm-none-eabi/lib/thumb/v7e-m/nofp/crt0.o (__libc_init_array)
/usr/lib/gcc/arm-none-eabi/10.3.1/../../../arm-none-eabi/lib/thumb/v7e-m/nofp/libg.a(lib_a-malloc.o)
                              objdir-CW308_STM32F4/fips202.o (malloc)
/usr/lib/gcc/arm-none-eabi/10.3.1/../../../arm-none-eabi/lib/thumb/v7e-m/nofp/libg.a(lib_a-mallocr.o)
                              /usr/lib/gcc/arm-none-eabi/10.3.1/../../../arm-none-eabi/lib/thumb/v7e-m/nofp/libg.a(lib_a-callocr.o) (_malloc_r)
/usr/lib/gcc/arm-none-eabi/10.3.1/../../../arm-none-eabi/lib/thumb/v7e-m/nofp/libg.a(lib_a-memcpy.o)
                              objdir-CW308_STM32F4/sign.o (memcpy)
/usr/lib/gcc/arm-none-eabi/10.3.1/../../../arm-none-eabi/lib/thumb/v7e-m/nofp/libg.a(lib_a-memset.o)
                              /usr/lib/gcc/arm-none-eabi/10.3.1/../../../arm-none-eabi/lib/thumb/v7e-m/nofp/crt0.o (memset)
/usr/lib/gcc/arm-none-eabi/10.3.1/../../../arm-none-eabi/lib/thumb/v7e-m/nofp/libg.a(lib_a-mlock.o)
                              /usr/lib/gcc/arm-none-eabi/10.3.1/../../../arm-none-eabi/lib/thumb/v7e-m/nofp/libg.a(lib_a-mallocr.o) (__malloc_lock)
/usr/lib/gcc/arm-none-eabi/10.3.1/../../../arm-none-eabi/lib/thumb/v7e-m/nofp/libg.a(lib_a-rand.o)
                              objdir-CW308_STM32F4/simpleserial-mldsa.o (srand)
/usr/lib/gcc/arm-none-eabi/10.3.1/../../../arm-none-eabi/lib/thumb/v7e-m/nofp/libg.a(lib_a-sbrkr.o)
                              /usr/lib/gcc/arm-none-eabi/10.3.1/../../../arm-none-eabi/lib/thumb/v7e-m/nofp/libg.a(lib_a-mallocr.o) (_sbrk_r)
/usr/lib/gcc/arm-none-eabi/10.3.1/../../../arm-none-eabi/lib/thumb/v7e-m/nofp/libg.a(lib_a-time.o)
                              objdir-CW308_STM32F4/simpleserial-mldsa.o (time)
/usr/lib/gcc/arm-none-eabi/10.3.1/../../../arm-none-eabi/lib/thumb/v7e-m/nofp/libg.a(lib_a-__atexit.o)
                              /usr/lib/gcc/arm-none-eabi/10.3.1/../../../arm-none-eabi/lib/thumb/v7e-m/nofp/libg.a(lib_a-atexit.o) (__register_exitproc)
/usr/lib/gcc/arm-none-eabi/10.3.1/../../../arm-none-eabi/lib/thumb/v7e-m/nofp/libg.a(lib_a-__call_atexit.o)
                              /usr/lib/gcc/arm-none-eabi/10.3.1/../../../arm-none-eabi/lib/thumb/v7e-m/nofp/libg.a(lib_a-exit.o) (__call_exitprocs)
/usr/lib/gcc/arm-none-eabi/10.3.1/../../../arm-none-eabi/lib/thumb/v7e-m/nofp/libg.a(lib_a-freer.o)
                              /usr/lib/gcc/arm-none-eabi/10.3.1/../../../arm-none-eabi/lib/thumb/v7e-m/nofp/libg.a(lib_a-malloc.o) (_free_r)
/usr/lib/gcc/arm-none-eabi/10.3.1/../../../arm-none-eabi/lib/thumb/v7e-m/nofp/libg.a(lib_a-gettimeofdayr.o)
                              /usr/lib/gcc/arm-none-eabi/10.3.1/../../../arm-none-eabi/lib/thumb/v7e-m/nofp/libg.a(lib_a-time.o) (_gettimeofday_r)
/usr/lib/gcc/arm-none-eabi/10.3.1/../../../arm-none-eabi/lib/thumb/v7e-m/nofp/libg.a(lib_a-reent.o)
                              /usr/lib/gcc/arm-none-eabi/10.3.1/../../../arm-none-eabi/lib/thumb/v7e-m/nofp/libg.a(lib_a-sbrkr.o) (errno)
/usr/lib/gcc/arm-none-eabi/10.3.1/../../../arm-none-eabi/lib/thumb/v7e-m/nofp/libnosys.a(gettod.o)
                              /usr/lib/gcc/arm-none-eabi/10.3.1/../../../arm-none-eabi/lib/thumb/v7e-m/nofp/libg.a(lib_a-gettimeofdayr.o) (_gettimeofday)
[...]
Memory Configuration

Name             Origin             Length             Attributes
RAM              0x0000000020000000 0x0000000000020000 xrw
ROM              0x0000000008000000 0x0000000000100000 xr
*default*        0x0000000000000000 0xffffffffffffffff

Linker script and memory map

LOAD /usr/lib/gcc/arm-none-eabi/10.3.1/thumb/v7e-m/nofp/crti.o
LOAD /usr/lib/gcc/arm-none-eabi/10.3.1/thumb/v7e-m/nofp/crtbegin.o
LOAD /usr/lib/gcc/arm-none-eabi/10.3.1/../../../arm-none-eabi/lib/thumb/v7e-m/nofp/crt0.o
LOAD objdir-CW308_STM32F4/simpleserial-mldsa.o
LOAD objdir-CW308_STM32F4/ntt.o
LOAD objdir-CW308_STM32F4/packing.o
LOAD objdir-CW308_STM32F4/poly.o
LOAD objdir-CW308_STM32F4/polyvec.o
LOAD objdir-CW308_STM32F4/reduce.o
LOAD objdir-CW308_STM32F4/rounding.o
LOAD objdir-CW308_STM32F4/sign.o
LOAD objdir-CW308_STM32F4/symmetric-shake.o
LOAD objdir-CW308_STM32F4/fips202.o
LOAD objdir-CW308_STM32F4/randombytes.o
LOAD objdir-CW308_STM32F4/simpleserial.o
LOAD objdir-CW308_STM32F4/hal.o
LOAD objdir-CW308_STM32F4/stm32f4_hal.o
LOAD objdir-CW308_STM32F4/stm32f4_hal_lowlevel.o
LOAD objdir-CW308_STM32F4/stm32f4_sysmem.o
LOAD objdir-CW308_STM32F4/stm32f4xx_hal_rng.o
LOAD objdir-CW308_STM32F4/stm32f4_startup.o
LOAD /usr/lib/gcc/arm-none-eabi/10.3.1/../../../arm-none-eabi/lib/thumb/v7e-m/nofp/libm.a
LOAD /usr/lib/gcc/arm-none-eabi/10.3.1/../../../arm-none-eabi/lib/thumb/v7e-m/nofp/libm.a
START GROUP
LOAD /usr/lib/gcc/arm-none-eabi/10.3.1/thumb/v7e-m/nofp/libgcc.a
LOAD /usr/lib/gcc/arm-none-eabi/10.3.1/../../../arm-none-eabi/lib/thumb/v7e-m/nofp/libg.a
LOAD /usr/lib/gcc/arm-none-eabi/10.3.1/../../../arm-none-eabi/lib/thumb/v7e-m/nofp/libc.a
END GROUP
START GROUP
LOAD /usr/lib/gcc/arm-none-eabi/10.3.1/thumb/v7e-m/nofp/libgcc.a
LOAD /usr/lib/gcc/arm-none-eabi/10.3.1/../../../arm-none-eabi/lib/thumb/v7e-m/nofp/libc.a
LOAD /usr/lib/gcc/arm-none-eabi/10.3.1/../../../arm-none-eabi/lib/thumb/v7e-m/nofp/libnosys.a
END GROUP
LOAD /usr/lib/gcc/arm-none-eabi/10.3.1/thumb/v7e-m/nofp/crtend.o
LOAD /usr/lib/gcc/arm-none-eabi/10.3.1/thumb/v7e-m/nofp/crtn.o
                0x0000000020020000                _estack = 0x20020000
                0x0000000000000000                _Min_Heap_Size = 0x0
                0x0000000000000400                _Min_Stack_Size = 0x400

.isr_vector     0x0000000008000000      0x188
                0x0000000008000000                . = ALIGN (0x4)
 *(.isr_vector)
 .isr_vector    0x0000000008000000      0x188 objdir-CW308_STM32F4/stm32f4_startup.o
                0x0000000008000000                g_pfnVectors
                0x0000000008000188                . = ALIGN (0x4)

.text           0x0000000008000188     0x48bc
                0x0000000008000188                . = ALIGN (0x4)
 *(.text)
 .text          0x0000000008000188       0x88 /usr/lib/gcc/arm-none-eabi/10.3.1/thumb/v7e-m/nofp/crtbegin.o
 .text          0x0000000008000210        0xc /usr/lib/gcc/arm-none-eabi/10.3.1/../../../arm-none-eabi/lib/thumb/v7e-m/nofp/libg.a(lib_a-atexit.o)
                0x0000000008000210                atexit
 .text          0x000000000800021c        0xc /usr/lib/gcc/arm-none-eabi/10.3.1/../../../arm-none-eabi/lib/thumb/v7e-m/nofp/libg.a(lib_a-errno.o)
                0x000000000800021c                __errno
 .text          0x0000000008000228       0x20 /usr/lib/gcc/arm-none-eabi/10.3.1/../../../arm-none-eabi/lib/thumb/v7e-m/nofp/libg.a(lib_a-exit.o)
                0x0000000008000228                exit
 .text          0x0000000008000248       0x2c /usr/lib/gcc/arm-none-eabi/10.3.1/../../../arm-none-eabi/lib/thumb/v7e-m/nofp/libg.a(lib_a-fini.o)
                0x0000000008000248                __libc_fini_array
 .text          0x0000000008000274       0x48 /usr/lib/gcc/arm-none-eabi/10.3.1/../../../arm-none-eabi/lib/thumb/v7e-m/nofp/libg.a(lib_a-init.o)
                0x0000000008000274                __libc_init_array
 .text          0x00000000080002bc       0x20 /usr/lib/gcc/arm-none-eabi/10.3.1/../../../arm-none-eabi/lib/thumb/v7e-m/nofp/libg.a(lib_a-malloc.o)
                0x00000000080002bc                malloc
                0x00000000080002cc                free
 .text          0x00000000080002dc      0x554 /usr/lib/gcc/arm-none-eabi/10.3.1/../../../arm-none-eabi/lib/thumb/v7e-m/nofp/libg.a(lib_a-mallocr.o)
                0x00000000080002dc                _malloc_r
 .text          0x0000000008000830      0x134 /usr/lib/gcc/arm-none-eabi/10.3.1/../../../arm-none-eabi/lib/thumb/v7e-m/nofp/libg.a(lib_a-memcpy.o)
                0x0000000008000830                memcpy
 .text          0x0000000008000964       0xa4 /usr/lib/gcc/arm-none-eabi/10.3.1/../../../arm-none-eabi/lib/thumb/v7e-m/nofp/libg.a(lib_a-memset.o)
                0x0000000008000964                memset
 .text          0x0000000008000a08        0x8 /usr/lib/gcc/arm-none-eabi/10.3.1/../../../arm-none-eabi/lib/thumb/v7e-m/nofp/libg.a(lib_a-mlock.o)
                0x0000000008000a08                __malloc_lock
                0x0000000008000a0c                __malloc_unlock
 .text          0x0000000008000a10       0x48 /usr/lib/gcc/arm-none-eabi/10.3.1/../../../arm-none-eabi/lib/thumb/v7e-m/nofp/libg.a(lib_a-rand.o)
                0x0000000008000a10                srand
                0x0000000008000a20                rand
 .text          0x0000000008000a58       0x24 /usr/lib/gcc/arm-none-eabi/10.3.1/../../../arm-none-eabi/lib/thumb/v7e-m/nofp/libg.a(lib_a-sbrkr.o)
                0x0000000008000a58                _sbrk_r
 .text          0x0000000008000a7c       0x34 /usr/lib/gcc/arm-none-eabi/10.3.1/../../../arm-none-eabi/lib/thumb/v7e-m/nofp/libg.a(lib_a-time.o)
                0x0000000008000a7c                time
 .text          0x0000000008000ab0       0x68 /usr/lib/gcc/arm-none-eabi/10.3.1/../../../arm-none-eabi/lib/thumb/v7e-m/nofp/libg.a(lib_a-__atexit.o)
                0x0000000008000ab0                __register_exitproc
 .text          0x0000000008000b18       0xb0 /usr/lib/gcc/arm-none-eabi/10.3.1/../../../arm-none-eabi/lib/thumb/v7e-m/nofp/libg.a(lib_a-__call_atexit.o)
                0x0000000008000b18                __call_exitprocs
 .text          0x0000000008000bc8      0x2ac /usr/lib/gcc/arm-none-eabi/10.3.1/../../../arm-none-eabi/lib/thumb/v7e-m/nofp/libg.a(lib_a-freer.o)
                0x0000000008000bc8                _malloc_trim_r
                0x0000000008000c68                _free_r
 .text          0x0000000008000e74       0x2c /usr/lib/gcc/arm-none-eabi/10.3.1/../../../arm-none-eabi/lib/thumb/v7e-m/nofp/libg.a(lib_a-gettimeofdayr.o)
                0x0000000008000e74                _gettimeofday_r
 .text          0x0000000008000ea0       0x10 /usr/lib/gcc/arm-none-eabi/10.3.1/../../../arm-none-eabi/lib/thumb/v7e-m/nofp/libnosys.a(gettod.o)
                0x0000000008000ea0                _gettimeofday
 .text          0x0000000008000eb0        0x4 /usr/lib/gcc/arm-none-eabi/10.3.1/../../../arm-none-eabi/lib/thumb/v7e-m/nofp/libnosys.a(_exit.o)
                0x0000000008000eb0                _exit
 *(.text*)
 .text.sign     0x0000000008000eb4      0x1b0 objdir-CW308_STM32F4/simpleserial-mldsa.o
                0x0000000008000eb4                sign
 .text.startup.main
                0x0000000008001064       0x40 objdir-CW308_STM32F4/simpleserial-mldsa.o
                0x0000000008001064                main
 .text.PQCLEAN_MLDSA44_CLEAN_ntt
                0x00000000080010a4       0xb8 objdir-CW308_STM32F4/ntt.o
                0x00000000080010a4                PQCLEAN_MLDSA44_CLEAN_ntt
 .text.PQCLEAN_MLDSA44_CLEAN_invntt_tomont
                0x000000000800115c       0xb8 objdir-CW308_STM32F4/ntt.o
                0x000000000800115c                PQCLEAN_MLDSA44_CLEAN_invntt_tomont
 .text.PQCLEAN_MLDSA44_CLEAN_pack_pk
                0x0000000008001214       0x60 objdir-CW308_STM32F4/packing.o
                0x0000000008001214                PQCLEAN_MLDSA44_CLEAN_pack_pk
 .text.PQCLEAN_MLDSA44_CLEAN_pack_sk
                0x0000000008001274      0x138 objdir-CW308_STM32F4/packing.o
                0x0000000008001274                PQCLEAN_MLDSA44_CLEAN_pack_sk
 .text.PQCLEAN_MLDSA44_CLEAN_poly_reduce
                0x00000000080013ac       0x18 objdir-CW308_STM32F4/poly.o
                0x00000000080013ac                PQCLEAN_MLDSA44_CLEAN_poly_reduce
 .text.PQCLEAN_MLDSA44_CLEAN_poly_caddq
                0x00000000080013c4       0x18 objdir-CW308_STM32F4/poly.o
                0x00000000080013c4                PQCLEAN_MLDSA44_CLEAN_poly_caddq
 .text.PQCLEAN_MLDSA44_CLEAN_poly_add
                0x00000000080013dc       0x28 objdir-CW308_STM32F4/poly.o
                0x00000000080013dc                PQCLEAN_MLDSA44_CLEAN_poly_add
 .text.PQCLEAN_MLDSA44_CLEAN_poly_ntt
                0x0000000008001404        0x4 objdir-CW308_STM32F4/poly.o
                0x0000000008001404                PQCLEAN_MLDSA44_CLEAN_poly_ntt
 .text.PQCLEAN_MLDSA44_CLEAN_poly_invntt_tomont
                0x0000000008001408        0x4 objdir-CW308_STM32F4/poly.o
                0x0000000008001408                PQCLEAN_MLDSA44_CLEAN_poly_invntt_tomont
 .text.PQCLEAN_MLDSA44_CLEAN_poly_pointwise_montgomery
                0x000000000800140c       0x28 objdir-CW308_STM32F4/poly.o
                0x000000000800140c                PQCLEAN_MLDSA44_CLEAN_poly_pointwise_montgomery
 .text.PQCLEAN_MLDSA44_CLEAN_poly_power2round
                0x0000000008001434       0x24 objdir-CW308_STM32F4/poly.o
                0x0000000008001434                PQCLEAN_MLDSA44_CLEAN_poly_power2round
 .text.PQCLEAN_MLDSA44_CLEAN_poly_uniform
                0x0000000008001458       0xb8 objdir-CW308_STM32F4/poly.o
                0x0000000008001458                PQCLEAN_MLDSA44_CLEAN_poly_uniform
 .text.PQCLEAN_MLDSA44_CLEAN_poly_uniform_eta
                0x0000000008001510      0x128 objdir-CW308_STM32F4/poly.o
                0x0000000008001510                PQCLEAN_MLDSA44_CLEAN_poly_uniform_eta
 .text.PQCLEAN_MLDSA44_CLEAN_poly_challenge
                0x0000000008001638       0xdc objdir-CW308_STM32F4/poly.o
                0x0000000008001638                PQCLEAN_MLDSA44_CLEAN_poly_challenge
 .text.PQCLEAN_MLDSA44_CLEAN_polyeta_pack
                0x0000000008001714       0x8c objdir-CW308_STM32F4/poly.o
                0x0000000008001714                PQCLEAN_MLDSA44_CLEAN_polyeta_pack
 .text.PQCLEAN_MLDSA44_CLEAN_polyt1_pack
                0x00000000080017a0       0x44 objdir-CW308_STM32F4/poly.o
                0x00000000080017a0                PQCLEAN_MLDSA44_CLEAN_polyt1_pack
 .text.PQCLEAN_MLDSA44_CLEAN_polyt0_pack
                0x00000000080017e4       0xb8 objdir-CW308_STM32F4/poly.o
                0x00000000080017e4                PQCLEAN_MLDSA44_CLEAN_polyt0_pack
 .text.PQCLEAN_MLDSA44_CLEAN_polyz_unpack
                0x000000000800189c       0xa0 objdir-CW308_STM32F4/poly.o
                0x000000000800189c                PQCLEAN_MLDSA44_CLEAN_polyz_unpack
 .text.PQCLEAN_MLDSA44_CLEAN_poly_uniform_gamma1
                0x000000000800193c       0x30 objdir-CW308_STM32F4/poly.o
                0x000000000800193c                PQCLEAN_MLDSA44_CLEAN_poly_uniform_gamma1
 .text.PQCLEAN_MLDSA44_CLEAN_polyvec_matrix_expand
                0x000000000800196c       0x3c objdir-CW308_STM32F4/polyvec.o
                0x000000000800196c                PQCLEAN_MLDSA44_CLEAN_polyvec_matrix_expand
 .text.PQCLEAN_MLDSA44_CLEAN_polyvecl_uniform_eta
                0x00000000080019a8       0x24 objdir-CW308_STM32F4/polyvec.o
                0x00000000080019a8                PQCLEAN_MLDSA44_CLEAN_polyvecl_uniform_eta
 .text.PQCLEAN_MLDSA44_CLEAN_polyvecl_uniform_gamma1
                0x00000000080019cc       0x28 objdir-CW308_STM32F4/polyvec.o
                0x00000000080019cc                PQCLEAN_MLDSA44_CLEAN_polyvecl_uniform_gamma1
 .text.PQCLEAN_MLDSA44_CLEAN_polyvecl_reduce
                0x00000000080019f4       0x24 objdir-CW308_STM32F4/polyvec.o
                0x00000000080019f4                PQCLEAN_MLDSA44_CLEAN_polyvecl_reduce
 .text.PQCLEAN_MLDSA44_CLEAN_polyvecl_add
                0x0000000008001a18       0x20 objdir-CW308_STM32F4/polyvec.o
                0x0000000008001a18                PQCLEAN_MLDSA44_CLEAN_polyvecl_add
 .text.PQCLEAN_MLDSA44_CLEAN_polyvecl_ntt
                0x0000000008001a38       0x24 objdir-CW308_STM32F4/polyvec.o
                0x0000000008001a38                PQCLEAN_MLDSA44_CLEAN_polyvecl_ntt
 .text.PQCLEAN_MLDSA44_CLEAN_polyvecl_invntt_tomont
                0x0000000008001a5c       0x24 objdir-CW308_STM32F4/polyvec.o
                0x0000000008001a5c                PQCLEAN_MLDSA44_CLEAN_polyvecl_invntt_tomont
 .text.PQCLEAN_MLDSA44_CLEAN_polyvecl_pointwise_poly_montgomery
                0x0000000008001a80       0x20 objdir-CW308_STM32F4/polyvec.o
                0x0000000008001a80                PQCLEAN_MLDSA44_CLEAN_polyvecl_pointwise_poly_montgomery
 .text.PQCLEAN_MLDSA44_CLEAN_polyvecl_pointwise_acc_montgomery
                0x0000000008001aa0       0x38 objdir-CW308_STM32F4/polyvec.o
                0x0000000008001aa0                PQCLEAN_MLDSA44_CLEAN_polyvecl_pointwise_acc_montgomery
 .text.PQCLEAN_MLDSA44_CLEAN_polyvec_matrix_pointwise_montgomery
                0x0000000008001ad8       0x24 objdir-CW308_STM32F4/polyvec.o
                0x0000000008001ad8                PQCLEAN_MLDSA44_CLEAN_polyvec_matrix_pointwise_montgomery
 .text.PQCLEAN_MLDSA44_CLEAN_polyveck_uniform_eta
                0x0000000008001afc       0x24 objdir-CW308_STM32F4/polyvec.o
                0x0000000008001afc                PQCLEAN_MLDSA44_CLEAN_polyveck_uniform_eta
 .text.PQCLEAN_MLDSA44_CLEAN_polyveck_reduce
                0x0000000008001b20       0x24 objdir-CW308_STM32F4/polyvec.o
                0x0000000008001b20                PQCLEAN_MLDSA44_CLEAN_polyveck_reduce
 .text.PQCLEAN_MLDSA44_CLEAN_polyveck_caddq
                0x0000000008001b44       0x24 objdir-CW308_STM32F4/polyvec.o
                0x0000000008001b44                PQCLEAN_MLDSA44_CLEAN_polyveck_caddq
 .text.PQCLEAN_MLDSA44_CLEAN_polyveck_add
                0x0000000008001b68       0x20 objdir-CW308_STM32F4/polyvec.o
                0x0000000008001b68                PQCLEAN_MLDSA44_CLEAN_polyveck_add
 .text.PQCLEAN_MLDSA44_CLEAN_polyveck_invntt_tomont
                0x0000000008001b88       0x24 objdir-CW308_STM32F4/polyvec.o
                0x0000000008001b88                PQCLEAN_MLDSA44_CLEAN_polyveck_invntt_tomont
 .text.PQCLEAN_MLDSA44_CLEAN_polyveck_power2round
                0x0000000008001bac       0x20 objdir-CW308_STM32F4/polyvec.o
                0x0000000008001bac                PQCLEAN_MLDSA44_CLEAN_polyveck_power2round
 .text.PQCLEAN_MLDSA44_CLEAN_montgomery_reduce
                0x0000000008001bcc       0x20 objdir-CW308_STM32F4/reduce.o
                0x0000000008001bcc                PQCLEAN_MLDSA44_CLEAN_montgomery_reduce
 .text.PQCLEAN_MLDSA44_CLEAN_reduce32
                0x0000000008001bec       0x18 objdir-CW308_STM32F4/reduce.o
                0x0000000008001bec                PQCLEAN_MLDSA44_CLEAN_reduce32
 .text.PQCLEAN_MLDSA44_CLEAN_caddq
                0x0000000008001c04       0x10 objdir-CW308_STM32F4/reduce.o
                0x0000000008001c04                PQCLEAN_MLDSA44_CLEAN_caddq
 .text.PQCLEAN_MLDSA44_CLEAN_power2round
                0x0000000008001c14       0x14 objdir-CW308_STM32F4/rounding.o
                0x0000000008001c14                PQCLEAN_MLDSA44_CLEAN_power2round
 .text.PQCLEAN_MLDSA44_CLEAN_crypto_sign_keypair
                0x0000000008001c28      0x104 objdir-CW308_STM32F4/sign.o
                0x0000000008001c28                PQCLEAN_MLDSA44_CLEAN_crypto_sign_keypair
 .text.PQCLEAN_MLDSA44_CLEAN_dilithium_shake128_stream_init
                0x0000000008001d2c       0x34 objdir-CW308_STM32F4/symmetric-shake.o
                0x0000000008001d2c                PQCLEAN_MLDSA44_CLEAN_dilithium_shake128_stream_init
 .text.PQCLEAN_MLDSA44_CLEAN_dilithium_shake256_stream_init
                0x0000000008001d60       0x34 objdir-CW308_STM32F4/symmetric-shake.o
                0x0000000008001d60                PQCLEAN_MLDSA44_CLEAN_dilithium_shake256_stream_init
 .text.KeccakF1600_StatePermute
                0x0000000008001d94     0x1128 objdir-CW308_STM32F4/fips202.o
 .text.keccak_inc_absorb
                0x0000000008002ebc      0x16c objdir-CW308_STM32F4/fips202.o
 .text.keccak_absorb.constprop.2
                0x0000000008003028      0x104 objdir-CW308_STM32F4/fips202.o
 .text.shake128_inc_init
                0x000000000800312c       0x28 objdir-CW308_STM32F4/fips202.o
                0x000000000800312c                shake128_inc_init
 .text.shake128_inc_absorb
                0x0000000008003154        0xc objdir-CW308_STM32F4/fips202.o
                0x0000000008003154                shake128_inc_absorb
 .text.shake128_inc_finalize
                0x0000000008003160       0x5c objdir-CW308_STM32F4/fips202.o
                0x0000000008003160                shake128_inc_finalize
 .text.shake128_inc_squeeze
                0x00000000080031bc       0xf8 objdir-CW308_STM32F4/fips202.o
                0x00000000080031bc                shake128_inc_squeeze
 .text.shake128_inc_ctx_release
                0x00000000080032b4        0x8 objdir-CW308_STM32F4/fips202.o
                0x00000000080032b4                shake128_inc_ctx_release
 .text.shake256_inc_init
                0x00000000080032bc       0x28 objdir-CW308_STM32F4/fips202.o
                0x00000000080032bc                shake256_inc_init
 .text.shake256_inc_absorb
                0x00000000080032e4        0xc objdir-CW308_STM32F4/fips202.o
                0x00000000080032e4                shake256_inc_absorb
 .text.shake256_inc_finalize
                0x00000000080032f0       0x5c objdir-CW308_STM32F4/fips202.o
                0x00000000080032f0                shake256_inc_finalize
 .text.shake256_inc_squeeze
                0x000000000800334c       0xf8 objdir-CW308_STM32F4/fips202.o
                0x000000000800334c                shake256_inc_squeeze
 .text.shake256_inc_ctx_release
                0x0000000008003444        0x8 objdir-CW308_STM32F4/fips202.o
                0x0000000008003444                shake256_inc_ctx_release
 .text.shake256
                0x000000000800344c      0x14c objdir-CW308_STM32F4/fips202.o
                0x000000000800344c                shake256
 .text.PQCLEAN_randombytes
                0x0000000008003598       0x34 objdir-CW308_STM32F4/randombytes.o
                0x0000000008003598                PQCLEAN_randombytes
 .text.simpleserial_put.constprop.0
                0x00000000080035cc      0x2d0 objdir-CW308_STM32F4/simpleserial.o
 .text.check_version
                0x000000000800389c       0x1c objdir-CW308_STM32F4/simpleserial.o
                0x000000000800389c                check_version
 .text.simpleserial_init
                0x00000000080038b8       0x64 objdir-CW308_STM32F4/simpleserial.o
                0x00000000080038b8                simpleserial_init
 .text.simpleserial_addcmd
                0x000000000800391c       0x40 objdir-CW308_STM32F4/simpleserial.o
                0x000000000800391c                simpleserial_addcmd
 .text.simpleserial_get
                0x000000000800395c      0x1f8 objdir-CW308_STM32F4/simpleserial.o
                0x000000000800395c                simpleserial_get
 .text.simpleserial_put
                0x0000000008003b54      0x170 objdir-CW308_STM32F4/simpleserial.o
                0x0000000008003b54                simpleserial_put
 .text.ss_get_commands
                0x0000000008003cc4       0x3c objdir-CW308_STM32F4/simpleserial.o
                0x0000000008003cc4                ss_get_commands
 .text.platform_init
                0x0000000008003d00       0x84 objdir-CW308_STM32F4/stm32f4_hal.o
                0x0000000008003d00                platform_init
 .text.init_uart
                0x0000000008003d84       0x80 objdir-CW308_STM32F4/stm32f4_hal.o
                0x0000000008003d84                init_uart
 .text.trigger_setup
                0x0000000008003e04       0x44 objdir-CW308_STM32F4/stm32f4_hal.o
                0x0000000008003e04                trigger_setup
 .text.trigger_high
                0x0000000008003e48       0x10 objdir-CW308_STM32F4/stm32f4_hal.o
                0x0000000008003e48                trigger_high
 .text.trigger_low
                0x0000000008003e58       0x10 objdir-CW308_STM32F4/stm32f4_hal.o
                0x0000000008003e58                trigger_low
 .text.getch    0x0000000008003e68       0x28 objdir-CW308_STM32F4/stm32f4_hal.o
                0x0000000008003e68                getch
 .text.putch    0x0000000008003e90       0x24 objdir-CW308_STM32F4/stm32f4_hal.o
                0x0000000008003e90                putch
 .text.HAL_RCC_OscConfig
                0x0000000008003eb4      0x430 objdir-CW308_STM32F4/stm32f4_hal_lowlevel.o
                0x0000000008003eb4                HAL_RCC_OscConfig
 .text.HAL_RCC_ClockConfig
                0x00000000080042e4      0x19c objdir-CW308_STM32F4/stm32f4_hal_lowlevel.o
                0x00000000080042e4                HAL_RCC_ClockConfig
 .text.HAL_GPIO_Init
                0x0000000008004480      0x264 objdir-CW308_STM32F4/stm32f4_hal_lowlevel.o
                0x0000000008004480                HAL_GPIO_Init
 .text.HAL_GPIO_WritePin
                0x00000000080046e4        0x8 objdir-CW308_STM32F4/stm32f4_hal_lowlevel.o
                0x00000000080046e4                HAL_GPIO_WritePin
 .text.HAL_UART_Init
                0x00000000080046ec       0xfc objdir-CW308_STM32F4/stm32f4_hal_lowlevel.o
                0x00000000080046ec                HAL_UART_Init
 .text.HAL_UART_Transmit
                0x00000000080047e8       0x9c objdir-CW308_STM32F4/stm32f4_hal_lowlevel.o
                0x00000000080047e8                HAL_UART_Transmit
 .text.HAL_UART_Receive
                0x0000000008004884       0xd0 objdir-CW308_STM32F4/stm32f4_hal_lowlevel.o
                0x0000000008004884                HAL_UART_Receive
 .text._sbrk    0x0000000008004954       0x38 objdir-CW308_STM32F4/stm32f4_sysmem.o
                0x0000000008004954                _sbrk
 .text.HAL_RNG_MspInit
                0x000000000800498c        0x4 objdir-CW308_STM32F4/stm32f4xx_hal_rng.o
                0x000000000800498c                HAL_RNG_MspInit
 .text.HAL_RNG_Init
                0x0000000008004990       0x3c objdir-CW308_STM32F4/stm32f4xx_hal_rng.o
                0x0000000008004990                HAL_RNG_Init
 .text.Reset_Handler
                0x00000000080049cc       0x48 objdir-CW308_STM32F4/stm32f4_startup.o
                0x00000000080049cc                Reset_Handler
 .text.Default_Handler
                0x0000000008004a14        0x2 objdir-CW308_STM32F4/stm32f4_startup.o
                0x0000000008004a14                DebugMon_Handler
                0x0000000008004a14                HardFault_Handler
                0x0000000008004a14                SysTick_Handler
                0x0000000008004a14                PendSV_Handler
                0x0000000008004a14                NMI_Handler
                0x0000000008004a14                UsageFault_Handler
                0x0000000008004a14                Default_Handler
                0x0000000008004a14                MemManage_Handler
                0x0000000008004a14                SVC_Handler
                0x0000000008004a14                BusFault_Handler
 *fill*         0x0000000008004a16        0x2 
 .text.startup  0x0000000008004a18       0x14 /usr/lib/gcc/arm-none-eabi/10.3.1/../../../arm-none-eabi/lib/thumb/v7e-m/nofp/libg.a(lib_a-__call_atexit.o)
 *(.glue_7)
 .glue_7        0x0000000008004a2c        0x0 linker stubs
 *(.glue_7t)
 .glue_7t       0x0000000008004a2c        0x0 linker stubs
 *(.eh_frame)
 .eh_frame      0x0000000008004a2c        0x0 /usr/lib/gcc/arm-none-eabi/10.3.1/thumb/v7e-m/nofp/crtbegin.o
 *(.init)
 .init          0x0000000008004a2c        0x4 /usr/lib/gcc/arm-none-eabi/10.3.1/thumb/v7e-m/nofp/crti.o
                0x0000000008004a2c                _init
 .init          0x0000000008004a30        0x8 /usr/lib/gcc/arm-none-eabi/10.3.1/thumb/v7e-m/nofp/crtn.o
 *(.fini)
 .fini          0x0000000008004a38        0x4 /usr/lib/gcc/arm-none-eabi/10.3.1/thumb/v7e-m/nofp/crti.o
                0x0000000008004a38                _fini
 .fini          0x0000000008004a3c        0x8 /usr/lib/gcc/arm-none-eabi/10.3.1/thumb/v7e-m/nofp/crtn.o
                0x0000000008004a44                . = ALIGN (0x4)
                0x0000000008004a44                _etext = .

.vfp11_veneer   0x0000000008004a44        0x0
 .vfp11_veneer  0x0000000008004a44        0x0 linker stubs

.v4_bx          0x0000000008004a44        0x0
 .v4_bx         0x0000000008004a44        0x0 linker stubs

.iplt           0x0000000008004a44        0x0
 .iplt          0x0000000008004a44        0x0 /usr/lib/gcc/arm-none-eabi/10.3.1/thumb/v7e-m/nofp/crtbegin.o

.rodata         0x0000000008004a48      0x4c4
                0x0000000008004a48                . = ALIGN (0x4)
 *(.rodata)
 .rodata        0x0000000008004a48      0x400 objdir-CW308_STM32F4/ntt.o
 .rodata        0x0000000008004e48       0xc0 objdir-CW308_STM32F4/fips202.o
 .rodata        0x0000000008004f08        0x4 /usr/lib/gcc/arm-none-eabi/10.3.1/../../../arm-none-eabi/lib/thumb/v7e-m/nofp/libg.a(lib_a-impure.o)
                0x0000000008004f08                _global_impure_ptr
 *(.rodata*)
                0x0000000008004f0c                . = ALIGN (0x4)

.rel.dyn        0x0000000008004f0c        0x0
 .rel.iplt      0x0000000008004f0c        0x0 /usr/lib/gcc/arm-none-eabi/10.3.1/thumb/v7e-m/nofp/crtbegin.o

.ARM.extab      0x0000000008004f0c        0x0
                0x0000000008004f0c                . = ALIGN (0x4)
 *(.ARM.extab* .gnu.linkonce.armextab.*)
                0x0000000008004f0c                . = ALIGN (0x4)

.ARM            0x0000000008004f0c        0x0
                0x0000000008004f0c                . = ALIGN (0x4)
                0x0000000008004f0c                __exidx_start = .
 *(.ARM.exidx*)
                0x0000000008004f0c                __exidx_end = .
                0x0000000008004f0c                . = ALIGN (0x4)

.preinit_array  0x0000000008004f0c        0x0
                0x0000000008004f0c                . = ALIGN (0x4)
                0x0000000008004f0c                PROVIDE (__preinit_array_start = .)
 *(.preinit_array*)
                0x0000000008004f0c                PROVIDE (__preinit_array_end = .)
                0x0000000008004f0c                . = ALIGN (0x4)

.init_array     0x0000000008004f0c        0x8
                0x0000000008004f0c                . = ALIGN (0x4)
                0x0000000008004f0c                PROVIDE (__init_array_start = .)
 *(SORT_BY_NAME(.init_array.*))
 .init_array.00000
                0x0000000008004f0c        0x4 /usr/lib/gcc/arm-none-eabi/10.3.1/../../../arm-none-eabi/lib/thumb/v7e-m/nofp/libg.a(lib_a-__call_atexit.o)
 *(.init_array*)
 .init_array    0x0000000008004f10        0x4 /usr/lib/gcc/arm-none-eabi/10.3.1/thumb/v7e-m/nofp/crtbegin.o
                0x0000000008004f14                PROVIDE (__init_array_end = .)
                0x0000000008004f14                . = ALIGN (0x4)

.fini_array     0x0000000008004f14        0x4
                0x0000000008004f14                . = ALIGN (0x4)
                0x0000000008004f14                PROVIDE (__fini_array_start = .)
 *(SORT_BY_NAME(.fini_array.*))
 *(.fini_array*)
 .fini_array    0x0000000008004f14        0x4 /usr/lib/gcc/arm-none-eabi/10.3.1/thumb/v7e-m/nofp/crtbegin.o
                0x0000000008004f18                PROVIDE (__fini_array_end = .)
                0x0000000008004f18                . = ALIGN (0x4)
                0x0000000008004f18                _sidata = LOADADDR (.data)

.data           0x0000000020000000      0x840 load address 0x0000000008004f18
                0x0000000020000000                . = ALIGN (0x4)
                0x0000000020000000                _sdata = .
 *(.data)
 .data          0x0000000020000000      0x430 /usr/lib/gcc/arm-none-eabi/10.3.1/../../../arm-none-eabi/lib/thumb/v7e-m/nofp/libg.a(lib_a-impure.o)
                0x0000000020000000                _impure_ptr
 .data          0x0000000020000430      0x410 /usr/lib/gcc/arm-none-eabi/10.3.1/../../../arm-none-eabi/lib/thumb/v7e-m/nofp/libg.a(lib_a-mallocr.o)
                0x0000000020000430                __malloc_av_
                0x0000000020000838                __malloc_sbrk_base
                0x000000002000083c                __malloc_trim_threshold
 *(.data*)
                0x0000000020000840                . = ALIGN (0x4)
                0x0000000020000840                _edata = .

.tm_clone_table
                0x0000000020000840        0x0 load address 0x0000000008005758
 .tm_clone_table
                0x0000000020000840        0x0 /usr/lib/gcc/arm-none-eabi/10.3.1/thumb/v7e-m/nofp/crtbegin.o
 .tm_clone_table
                0x0000000020000840        0x0 /usr/lib/gcc/arm-none-eabi/10.3.1/thumb/v7e-m/nofp/crtend.o

.igot.plt       0x0000000020000840        0x0 load address 0x0000000008005758
 .igot.plt      0x0000000020000840        0x0 /usr/lib/gcc/arm-none-eabi/10.3.1/thumb/v7e-m/nofp/crtbegin.o
                0x0000000020000840                . = ALIGN (0x4)

.bss            0x0000000020000840     0x10dc load address 0x0000000008005758
                0x0000000020000840                _sbss = .
                0x0000000020000840                __bss_start__ = _sbss
 *(.bss)
 .bss           0x0000000020000840       0x1c /usr/lib/gcc/arm-none-eabi/10.3.1/thumb/v7e-m/nofp/crtbegin.o
 .bss           0x000000002000085c      0xf20 objdir-CW308_STM32F4/simpleserial-mldsa.o
                0x000000002000085c                sk
                0x000000002000125c                pk
 .bss           0x000000002000177c       0xc4 objdir-CW308_STM32F4/simpleserial.o
 .bss           0x0000000020001840       0x9c objdir-CW308_STM32F4/stm32f4_hal.o
                0x0000000020001840                RngHandle
                0x000000002000184c                UartHandle
                0x00000000200018cc                hw_key
 .bss           0x00000000200018dc        0x4 objdir-CW308_STM32F4/stm32f4_hal_lowlevel.o
 .bss           0x00000000200018e0        0x4 objdir-CW308_STM32F4/stm32f4_sysmem.o
 .bss           0x00000000200018e4       0x34 /usr/lib/gcc/arm-none-eabi/10.3.1/../../../arm-none-eabi/lib/thumb/v7e-m/nofp/libg.a(lib_a-mallocr.o)
                0x00000000200018e4                __malloc_top_pad
                0x00000000200018e8                __malloc_current_mallinfo
                0x0000000020001910                __malloc_max_sbrked_mem
                0x0000000020001914                __malloc_max_total_mem
 .bss           0x0000000020001918        0x4 /usr/lib/gcc/arm-none-eabi/10.3.1/../../../arm-none-eabi/lib/thumb/v7e-m/nofp/libg.a(lib_a-reent.o)
                0x0000000020001918                errno
 *(.bss*)
 *(COMMON)
                0x000000002000191c                . = ALIGN (0x4)
                0x000000002000191c                _ebss = .
                0x000000002000191c                __bss_end__ = _ebss

._user_heap_stack
                0x000000002000191c      0x404 load address 0x0000000008005758
                0x0000000020001920                . = ALIGN (0x8)
 *fill*         0x000000002000191c        0x4 
                0x0000000020001920                PROVIDE (end = .)
                [!provide]                        PROVIDE (_end = .)
                0x0000000020001920                . = (. + _Min_Heap_Size)
                0x0000000020001d20                . = (. + _Min_Stack_Size)
 *fill*         0x0000000020001920      0x400 
                0x0000000020001d20                . = ALIGN (0x8)

/DISCARD/
 libc.a(*)
 libm.a(*)
 libgcc.a(*)

.ARM.attributes
                0x0000000000000000       0x2a
 *(.ARM.attributes)
 .ARM.attributes
                0x0000000000000000       0x1e /usr/lib/gcc/arm-none-eabi/10.3.1/thumb/v7e-m/nofp/crti.o
 .ARM.attributes
                0x000000000000001e       0x2e /usr/lib/gcc/arm-none-eabi/10.3.1/thumb/v7e-m/nofp/crtbegin.o
 .ARM.attributes
                0x000000000000004c       0x2e objdir-CW308_STM32F4/simpleserial-mldsa.o
 .ARM.attributes
                0x000000000000007a       0x2e objdir-CW308_STM32F4/ntt.o
 .ARM.attributes
                0x00000000000000a8       0x2e objdir-CW308_STM32F4/packing.o
 .ARM.attributes
                0x00000000000000d6       0x2e objdir-CW308_STM32F4/poly.o
 .ARM.attributes
                0x0000000000000104       0x2e objdir-CW308_STM32F4/polyvec.o
 .ARM.attributes
                0x0000000000000132       0x2e objdir-CW308_STM32F4/reduce.o
 .ARM.attributes
                0x0000000000000160       0x2e objdir-CW308_STM32F4/rounding.o
 .ARM.attributes
                0x000000000000018e       0x2e objdir-CW308_STM32F4/sign.o
 .ARM.attributes
                0x00000000000001bc       0x2e objdir-CW308_STM32F4/symmetric-shake.o
 .ARM.attributes
                0x00000000000001ea       0x2e objdir-CW308_STM32F4/fips202.o
 .ARM.attributes
                0x0000000000000218       0x2e objdir-CW308_STM32F4/randombytes.o
 .ARM.attributes
                0x0000000000000246       0x2e objdir-CW308_STM32F4/simpleserial.o
 .ARM.attributes
                0x0000000000000274       0x2e objdir-CW308_STM32F4/stm32f4_hal.o
 .ARM.attributes
                0x00000000000002a2       0x2e objdir-CW308_STM32F4/stm32f4_hal_lowlevel.o
 .ARM.attributes
                0x00000000000002d0       0x2e objdir-CW308_STM32F4/stm32f4_sysmem.o
 .ARM.attributes
                0x00000000000002fe       0x2e objdir-CW308_STM32F4/stm32f4xx_hal_rng.o
 .ARM.attributes
                0x000000000000032c       0x21 objdir-CW308_STM32F4/stm32f4_startup.o
 .ARM.attributes
                0x000000000000034d       0x2e /usr/lib/gcc/arm-none-eabi/10.3.1/../../../arm-none-eabi/lib/thumb/v7e-m/nofp/libg.a(lib_a-atexit.o)
 .ARM.attributes
                0x000000000000037b       0x2e /usr/lib/gcc/arm-none-eabi/10.3.1/../../../arm-none-eabi/lib/thumb/v7e-m/nofp/libg.a(lib_a-errno.o)
 .ARM.attributes
                0x00000000000003a9       0x2e /usr/lib/gcc/arm-none-eabi/10.3.1/../../../arm-none-eabi/lib/thumb/v7e-m/nofp/libg.a(lib_a-exit.o)
 .ARM.attributes
                0x00000000000003d7       0x2e /usr/lib/gcc/arm-none-eabi/10.3.1/../../../arm-none-eabi/lib/thumb/v7e-m/nofp/libg.a(lib_a-fini.o)
 .ARM.attributes
                0x0000000000000405       0x2e /usr/lib/gcc/arm-none-eabi/10.3.1/../../../arm-none-eabi/lib/thumb/v7e-m/nofp/libg.a(lib_a-impure.o)
 .ARM.attributes
                0x0000000000000433       0x2e /usr/lib/gcc/arm-none-eabi/10.3.1/../../../arm-none-eabi/lib/thumb/v7e-m/nofp/libg.a(lib_a-init.o)
 .ARM.attributes
                0x0000000000000461       0x2e /usr/lib/gcc/arm-none-eabi/10.3.1/../../../arm-none-eabi/lib/thumb/v7e-m/nofp/libg.a(lib_a-malloc.o)
 .ARM.attributes
                0x000000000000048f       0x2e /usr/lib/gcc/arm-none-eabi/10.3.1/../../../arm-none-eabi/lib/thumb/v7e-m/nofp/libg.a(lib_a-mallocr.o)
 .ARM.attributes
                0x00000000000004bd       0x1c /usr/lib/gcc/arm-none-eabi/10.3.1/../../../arm-none-eabi/lib/thumb/v7e-m/nofp/libg.a(lib_a-memcpy.o)
 .ARM.attributes
                0x00000000000004d9       0x2e /usr/lib/gcc/arm-none-eabi/10.3.1/../../../arm-none-eabi/lib/thumb/v7e-m/nofp/libg.a(lib_a-memset.o)
 .ARM.attributes
                0x0000000000000507       0x2e /usr/lib/gcc/arm-none-eabi/10.3.1/../../../arm-none-eabi/lib/thumb/v7e-m/nofp/libg.a(lib_a-mlock.o)
 .ARM.attributes
                0x0000000000000535       0x2e /usr/lib/gcc/arm-none-eabi/10.3.1/../../../arm-none-eabi/lib/thumb/v7e-m/nofp/libg.a(lib_a-rand.o)
 .ARM.attributes
                0x0000000000000563       0x2e /usr/lib/gcc/arm-none-eabi/10.3.1/../../../arm-none-eabi/lib/thumb/v7e-m/nofp/libg.a(lib_a-sbrkr.o)
 .ARM.attributes
                0x0000000000000591       0x2e /usr/lib/gcc/arm-none-eabi/10.3.1/../../../arm-none-eabi/lib/thumb/v7e-m/nofp/libg.a(lib_a-time.o)
 .ARM.attributes
                0x00000000000005bf       0x2e /usr/lib/gcc/arm-none-eabi/10.3.1/../../../arm-none-eabi/lib/thumb/v7e-m/nofp/libg.a(lib_a-__atexit.o)
 .ARM.attributes
                0x00000000000005ed       0x2e /usr/lib/gcc/arm-none-eabi/10.3.1/../../../arm-none-eabi/lib/thumb/v7e-m/nofp/libg.a(lib_a-__call_atexit.o)
 .ARM.attributes
                0x000000000000061b       0x2e /usr/lib/gcc/arm-none-eabi/10.3.1/../../../arm-none-eabi/lib/thumb/v7e-m/nofp/libg.a(lib_a-freer.o)
 .ARM.attributes
                0x0000000000000649       0x2e /usr/lib/gcc/arm-none-eabi/10.3.1/../../../arm-none-eabi/lib/thumb/v7e-m/nofp/libg.a(lib_a-gettimeofdayr.o)
 .ARM.attributes
                0x0000000000000677       0x2e /usr/lib/gcc/arm-none-eabi/10.3.1/../../../arm-none-eabi/lib/thumb/v7e-m/nofp/libg.a(lib_a-reent.o)
 .ARM.attributes
                0x00000000000006a5       0x2e /usr/lib/gcc/arm-none-eabi/10.3.1/../../../arm-none-eabi/lib/thumb/v7e-m/nofp/libnosys.a(gettod.o)
 .ARM.attributes
                0x00000000000006d3       0x2e /usr/lib/gcc/arm-none-eabi/10.3.1/../../../arm-none-eabi/lib/thumb/v7e-m/nofp/libnosys.a(_exit.o)
 .ARM.attributes
                0x0000000000000701       0x2e /usr/lib/gcc/arm-none-eabi/10.3.1/thumb/v7e-m/nofp/crtend.o
 .ARM.attributes
                0x000000000000072f       0x1e /usr/lib/gcc/arm-none-eabi/10.3.1/thumb/v7e-m/nofp/crtn.o
OUTPUT(simpleserial-mldsa-CW308_STM32F4.elf elf32-littlearm)
LOAD linker stubs
LOAD /usr/lib/gcc/arm-none-eabi/10.3.1/../../../arm-none-eabi/lib/thumb/v7e-m/nofp/libc.a
LOAD /usr/lib/gcc/arm-none-eabi/10.3.1/../../../arm-none-eabi/lib/thumb/v7e-m/nofp/libm.a
LOAD /usr/lib/gcc/arm-none-eabi/10.3.1/thumb/v7e-m/nofp/libgcc.a

.comment        0x0000000000000000       0x33
 .comment       0x0000000000000000       0x33 /usr/lib/gcc/arm-none-eabi/10.3.1/thumb/v7e-m/nofp/crtbegin.o
                                         0x34 (size before relaxing)
 .comment       0x0000000000000033       0x34 objdir-CW308_STM32F4/simpleserial-mldsa.o
 .comment       0x0000000000000033       0x34 objdir-CW308_STM32F4/ntt.o
 .comment       0x0000000000000033       0x34 objdir-CW308_STM32F4/packing.o
 .comment       0x0000000000000033       0x34 objdir-CW308_STM32F4/poly.o
 .comment       0x0000000000000033       0x34 objdir-CW308_STM32F4/polyvec.o
 .comment       0x0000000000000033       0x34 objdir-CW308_STM32F4/reduce.o
 .comment       0x0000000000000033       0x34 objdir-CW308_STM32F4/rounding.o
 .comment       0x0000000000000033       0x34 objdir-CW308_STM32F4/sign.o
 .comment       0x0000000000000033       0x34 objdir-CW308_STM32F4/symmetric-shake.o
 .comment       0x0000000000000033       0x34 objdir-CW308_STM32F4/fips202.o
 .comment       0x0000000000000033       0x34 objdir-CW308_STM32F4/randombytes.o
 .comment       0x0000000000000033       0x34 objdir-CW308_STM32F4/simpleserial.o
 .comment       0x0000000000000033       0x34 objdir-CW308_STM32F4/stm32f4_hal.o
 .comment       0x0000000000000033       0x34 objdir-CW308_STM32F4/stm32f4_hal_lowlevel.o
 .comment       0x0000000000000033       0x34 objdir-CW308_STM32F4/stm32f4_sysmem.o
 .comment       0x0000000000000033       0x34 objdir-CW308_STM32F4/stm32f4xx_hal_rng.o
 .comment       0x0000000000000033       0x34 /usr/lib/gcc/arm-none-eabi/10.3.1/../../../arm-none-eabi/lib/thumb/v7e-m/nofp/libg.a(lib_a-atexit.o)
 .comment       0x0000000000000033       0x34 /usr/lib/gcc/arm-none-eabi/10.3.1/../../../arm-none-eabi/lib/thumb/v7e-m/nofp/libg.a(lib_a-errno.o)
 .comment       0x0000000000000033       0x34 /usr/lib/gcc/arm-none-eabi/10.3.1/../../../arm-none-eabi/lib/thumb/v7e-m/nofp/libg.a(lib_a-exit.o)
 .comment       0x0000000000000033       0x34 /usr/lib/gcc/arm-none-eabi/10.3.1/../../../arm-none-eabi/lib/thumb/v7e-m/nofp/libg.a(lib_a-fini.o)
 .comment       0x0000000000000033       0x34 /usr/lib/gcc/arm-none-eabi/10.3.1/../../../arm-none-eabi/lib/thumb/v7e-m/nofp/libg.a(lib_a-impure.o)
 .comment       0x0000000000000033       0x34 /usr/lib/gcc/arm-none-eabi/10.3.1/../../../arm-none-eabi/lib/thumb/v7e-m/nofp/libg.a(lib_a-init.o)
 .comment       0x0000000000000033       0x34 /usr/lib/gcc/arm-none-eabi/10.3.1/../../../arm-none-eabi/lib/thumb/v7e-m/nofp/libg.a(lib_a-malloc.o)
 .comment       0x0000000000000033       0x34 /usr/lib/gcc/arm-none-eabi/10.3.1/../../../arm-none-eabi/lib/thumb/v7e-m/nofp/libg.a(lib_a-mallocr.o)
 .comment       0x0000000000000033       0x34 /usr/lib/gcc/arm-none-eabi/10.3.1/../../../arm-none-eabi/lib/thumb/v7e-m/nofp/libg.a(lib_a-memset.o)
 .comment       0x0000000000000033       0x34 /usr/lib/gcc/arm-none-eabi/10.3.1/../../../arm-none-eabi/lib/thumb/v7e-m/nofp/libg.a(lib_a-mlock.o)
 .comment       0x0000000000000033       0x34 /usr/lib/gcc/arm-none-eabi/10.3.1/../../../arm-none-eabi/lib/thumb/v7e-m/nofp/libg.a(lib_a-rand.o)
 .comment       0x0000000000000033       0x34 /usr/lib/gcc/arm-none-eabi/10.3.1/../../../arm-none-eabi/lib/thumb/v7e-m/nofp/libg.a(lib_a-sbrkr.o)
 .comment       0x0000000000000033       0x34 /usr/lib/gcc/arm-none-eabi/10.3.1/../../../arm-none-eabi/lib/thumb/v7e-m/nofp/libg.a(lib_a-time.o)
 .comment       0x0000000000000033       0x34 /usr/lib/gcc/arm-none-eabi/10.3.1/../../../arm-none-eabi/lib/thumb/v7e-m/nofp/libg.a(lib_a-__atexit.o)
 .comment       0x0000000000000033       0x34 /usr/lib/gcc/arm-none-eabi/10.3.1/../../../arm-none-eabi/lib/thumb/v7e-m/nofp/libg.a(lib_a-__call_atexit.o)
 .comment       0x0000000000000033       0x34 /usr/lib/gcc/arm-none-eabi/10.3.1/../../../arm-none-eabi/lib/thumb/v7e-m/nofp/libg.a(lib_a-freer.o)
 .comment       0x0000000000000033       0x34 /usr/lib/gcc/arm-none-eabi/10.3.1/../../../arm-none-eabi/lib/thumb/v7e-m/nofp/libg.a(lib_a-gettimeofdayr.o)
 .comment       0x0000000000000033       0x34 /usr/lib/gcc/arm-none-eabi/10.3.1/../../../arm-none-eabi/lib/thumb/v7e-m/nofp/libg.a(lib_a-reent.o)
 .comment       0x0000000000000033       0x34 /usr/lib/gcc/arm-none-eabi/10.3.1/../../../arm-none-eabi/lib/thumb/v7e-m/nofp/libnosys.a(gettod.o)
 .comment       0x0000000000000033       0x34 /usr/lib/gcc/arm-none-eabi/10.3.1/../../../arm-none-eabi/lib/thumb/v7e-m/nofp/libnosys.a(_exit.o)
 .comment       0x0000000000000033       0x34 /usr/lib/gcc/arm-none-eabi/10.3.1/thumb/v7e-m/nofp/crtend.o

.debug_info     0x0000000000000000    0x16719
 .debug_info    0x0000000000000000      0x845 objdir-CW308_STM32F4/simpleserial-mldsa.o
 .debug_info    0x0000000000000845      0x22f objdir-CW308_STM32F4/ntt.o
 .debug_info    0x0000000000000a74      0x67a objdir-CW308_STM32F4/packing.o
 .debug_info    0x00000000000010ee     0x1251 objdir-CW308_STM32F4/poly.o
 .debug_info    0x000000000000233f     0x110a objdir-CW308_STM32F4/polyvec.o
 .debug_info    0x0000000000003449      0x1f3 objdir-CW308_STM32F4/reduce.o
 .debug_info    0x000000000000363c      0x230 objdir-CW308_STM32F4/rounding.o
 .debug_info    0x000000000000386c     0x1b98 objdir-CW308_STM32F4/sign.o
 .debug_info    0x0000000000005404      0x2ef objdir-CW308_STM32F4/symmetric-shake.o
 .debug_info    0x00000000000056f3     0x2f7f objdir-CW308_STM32F4/fips202.o
 .debug_info    0x0000000000008672      0x19c objdir-CW308_STM32F4/randombytes.o
 .debug_info    0x000000000000880e      0xb2f objdir-CW308_STM32F4/simpleserial.o
 .debug_info    0x000000000000933d     0x1578 objdir-CW308_STM32F4/stm32f4_hal.o
 .debug_info    0x000000000000a8b5     0x20cf objdir-CW308_STM32F4/stm32f4_hal_lowlevel.o
 .debug_info    0x000000000000c984      0x10d objdir-CW308_STM32F4/stm32f4_sysmem.o
 .debug_info    0x000000000000ca91      0x5da objdir-CW308_STM32F4/stm32f4xx_hal_rng.o
 .debug_info    0x000000000000d06b      0x100 /usr/lib/gcc/arm-none-eabi/10.3.1/../../../arm-none-eabi/lib/thumb/v7e-m/nofp/libg.a(lib_a-atexit.o)
 .debug_info    0x000000000000d16b      0x914 /usr/lib/gcc/arm-none-eabi/10.3.1/../../../arm-none-eabi/lib/thumb/v7e-m/nofp/libg.a(lib_a-errno.o)
 .debug_info    0x000000000000da7f      0x969 /usr/lib/gcc/arm-none-eabi/10.3.1/../../../arm-none-eabi/lib/thumb/v7e-m/nofp/libg.a(lib_a-exit.o)
 .debug_info    0x000000000000e3e8      0x102 /usr/lib/gcc/arm-none-eabi/10.3.1/../../../arm-none-eabi/lib/thumb/v7e-m/nofp/libg.a(lib_a-fini.o)
 .debug_info    0x000000000000e4ea      0x92a /usr/lib/gcc/arm-none-eabi/10.3.1/../../../arm-none-eabi/lib/thumb/v7e-m/nofp/libg.a(lib_a-impure.o)
 .debug_info    0x000000000000ee14      0x11a /usr/lib/gcc/arm-none-eabi/10.3.1/../../../arm-none-eabi/lib/thumb/v7e-m/nofp/libg.a(lib_a-init.o)
 .debug_info    0x000000000000ef2e      0x998 /usr/lib/gcc/arm-none-eabi/10.3.1/../../../arm-none-eabi/lib/thumb/v7e-m/nofp/libg.a(lib_a-malloc.o)
 .debug_info    0x000000000000f8c6      0xe95 /usr/lib/gcc/arm-none-eabi/10.3.1/../../../arm-none-eabi/lib/thumb/v7e-m/nofp/libg.a(lib_a-mallocr.o)
 .debug_info    0x000000000001075b       0x26 /usr/lib/gcc/arm-none-eabi/10.3.1/../../../arm-none-eabi/lib/thumb/v7e-m/nofp/libg.a(lib_a-memcpy.o)
 .debug_info    0x0000000000010781      0x137 /usr/lib/gcc/arm-none-eabi/10.3.1/../../../arm-none-eabi/lib/thumb/v7e-m/nofp/libg.a(lib_a-memset.o)
 .debug_info    0x00000000000108b8      0x942 /usr/lib/gcc/arm-none-eabi/10.3.1/../../../arm-none-eabi/lib/thumb/v7e-m/nofp/libg.a(lib_a-mlock.o)
 .debug_info    0x00000000000111fa      0x95c /usr/lib/gcc/arm-none-eabi/10.3.1/../../../arm-none-eabi/lib/thumb/v7e-m/nofp/libg.a(lib_a-rand.o)
 .debug_info    0x0000000000011b56      0x98e /usr/lib/gcc/arm-none-eabi/10.3.1/../../../arm-none-eabi/lib/thumb/v7e-m/nofp/libg.a(lib_a-sbrkr.o)
 .debug_info    0x00000000000124e4      0x9b3 /usr/lib/gcc/arm-none-eabi/10.3.1/../../../arm-none-eabi/lib/thumb/v7e-m/nofp/libg.a(lib_a-time.o)
 .debug_info    0x0000000000012e97      0x9b0 /usr/lib/gcc/arm-none-eabi/10.3.1/../../../arm-none-eabi/lib/thumb/v7e-m/nofp/libg.a(lib_a-__atexit.o)
 .debug_info    0x0000000000013847      0xa3d /usr/lib/gcc/arm-none-eabi/10.3.1/../../../arm-none-eabi/lib/thumb/v7e-m/nofp/libg.a(lib_a-__call_atexit.o)
 .debug_info    0x0000000000014284      0xd10 /usr/lib/gcc/arm-none-eabi/10.3.1/../../../arm-none-eabi/lib/thumb/v7e-m/nofp/libg.a(lib_a-freer.o)
 .debug_info    0x0000000000014f94      0x9e5 /usr/lib/gcc/arm-none-eabi/10.3.1/../../../arm-none-eabi/lib/thumb/v7e-m/nofp/libg.a(lib_a-gettimeofdayr.o)
 .debug_info    0x0000000000015979      0xbda /usr/lib/gcc/arm-none-eabi/10.3.1/../../../arm-none-eabi/lib/thumb/v7e-m/nofp/libg.a(lib_a-reent.o)
 .debug_info    0x0000000000016553      0x123 /usr/lib/gcc/arm-none-eabi/10.3.1/../../../arm-none-eabi/lib/thumb/v7e-m/nofp/libnosys.a(gettod.o)
 .debug_info    0x0000000000016676       0xa3 /usr/lib/gcc/arm-none-eabi/10.3.1/../../../arm-none-eabi/lib/thumb/v7e-m/nofp/libnosys.a(_exit.o)

.debug_abbrev   0x0000000000000000     0x45f2
 .debug_abbrev  0x0000000000000000      0x201 objdir-CW308_STM32F4/simpleserial-mldsa.o
 .debug_abbrev  0x0000000000000201       0xf6 objdir-CW308_STM32F4/ntt.o
 .debug_abbrev  0x00000000000002f7      0x13a objdir-CW308_STM32F4/packing.o
 .debug_abbrev  0x0000000000000431      0x2f9 objdir-CW308_STM32F4/poly.o
 .debug_abbrev  0x000000000000072a      0x1d1 objdir-CW308_STM32F4/polyvec.o
 .debug_abbrev  0x00000000000008fb      0x13f objdir-CW308_STM32F4/reduce.o
 .debug_abbrev  0x0000000000000a3a      0x127 objdir-CW308_STM32F4/rounding.o
 .debug_abbrev  0x0000000000000b61      0x334 objdir-CW308_STM32F4/sign.o
 .debug_abbrev  0x0000000000000e95       0xf6 objdir-CW308_STM32F4/symmetric-shake.o
 .debug_abbrev  0x0000000000000f8b      0x3cd objdir-CW308_STM32F4/fips202.o
 .debug_abbrev  0x0000000000001358      0x102 objdir-CW308_STM32F4/randombytes.o
 .debug_abbrev  0x000000000000145a      0x313 objdir-CW308_STM32F4/simpleserial.o
 .debug_abbrev  0x000000000000176d      0x2ac objdir-CW308_STM32F4/stm32f4_hal.o
 .debug_abbrev  0x0000000000001a19      0x445 objdir-CW308_STM32F4/stm32f4_hal_lowlevel.o
 .debug_abbrev  0x0000000000001e5e       0xd2 objdir-CW308_STM32F4/stm32f4_sysmem.o
 .debug_abbrev  0x0000000000001f30      0x2f1 objdir-CW308_STM32F4/stm32f4xx_hal_rng.o
 .debug_abbrev  0x0000000000002221       0xb7 /usr/lib/gcc/arm-none-eabi/10.3.1/../../../arm-none-eabi/lib/thumb/v7e-m/nofp/libg.a(lib_a-atexit.o)
 .debug_abbrev  0x00000000000022d8      0x1be /usr/lib/gcc/arm-none-eabi/10.3.1/../../../arm-none-eabi/lib/thumb/v7e-m/nofp/libg.a(lib_a-errno.o)
 .debug_abbrev  0x0000000000002496      0x20c /usr/lib/gcc/arm-none-eabi/10.3.1/../../../arm-none-eabi/lib/thumb/v7e-m/nofp/libg.a(lib_a-exit.o)
 .debug_abbrev  0x00000000000026a2       0xcf /usr/lib/gcc/arm-none-eabi/10.3.1/../../../arm-none-eabi/lib/thumb/v7e-m/nofp/libg.a(lib_a-fini.o)
 .debug_abbrev  0x0000000000002771      0x1b8 /usr/lib/gcc/arm-none-eabi/10.3.1/../../../arm-none-eabi/lib/thumb/v7e-m/nofp/libg.a(lib_a-impure.o)
 .debug_abbrev  0x0000000000002929       0xcc /usr/lib/gcc/arm-none-eabi/10.3.1/../../../arm-none-eabi/lib/thumb/v7e-m/nofp/libg.a(lib_a-init.o)
 .debug_abbrev  0x00000000000029f5      0x21d /usr/lib/gcc/arm-none-eabi/10.3.1/../../../arm-none-eabi/lib/thumb/v7e-m/nofp/libg.a(lib_a-malloc.o)
 .debug_abbrev  0x0000000000002c12      0x2f6 /usr/lib/gcc/arm-none-eabi/10.3.1/../../../arm-none-eabi/lib/thumb/v7e-m/nofp/libg.a(lib_a-mallocr.o)
 .debug_abbrev  0x0000000000002f08       0x14 /usr/lib/gcc/arm-none-eabi/10.3.1/../../../arm-none-eabi/lib/thumb/v7e-m/nofp/libg.a(lib_a-memcpy.o)
 .debug_abbrev  0x0000000000002f1c       0xb4 /usr/lib/gcc/arm-none-eabi/10.3.1/../../../arm-none-eabi/lib/thumb/v7e-m/nofp/libg.a(lib_a-memset.o)
 .debug_abbrev  0x0000000000002fd0      0x1f0 /usr/lib/gcc/arm-none-eabi/10.3.1/../../../arm-none-eabi/lib/thumb/v7e-m/nofp/libg.a(lib_a-mlock.o)
 .debug_abbrev  0x00000000000031c0      0x1ff /usr/lib/gcc/arm-none-eabi/10.3.1/../../../arm-none-eabi/lib/thumb/v7e-m/nofp/libg.a(lib_a-rand.o)
 .debug_abbrev  0x00000000000033bf      0x23d /usr/lib/gcc/arm-none-eabi/10.3.1/../../../arm-none-eabi/lib/thumb/v7e-m/nofp/libg.a(lib_a-sbrkr.o)
 .debug_abbrev  0x00000000000035fc      0x20f /usr/lib/gcc/arm-none-eabi/10.3.1/../../../arm-none-eabi/lib/thumb/v7e-m/nofp/libg.a(lib_a-time.o)
 .debug_abbrev  0x000000000000380b      0x23f /usr/lib/gcc/arm-none-eabi/10.3.1/../../../arm-none-eabi/lib/thumb/v7e-m/nofp/libg.a(lib_a-__atexit.o)
 .debug_abbrev  0x0000000000003a4a      0x2b2 /usr/lib/gcc/arm-none-eabi/10.3.1/../../../arm-none-eabi/lib/thumb/v7e-m/nofp/libg.a(lib_a-__call_atexit.o)
 .debug_abbrev  0x0000000000003cfc      0x2b1 /usr/lib/gcc/arm-none-eabi/10.3.1/../../../arm-none-eabi/lib/thumb/v7e-m/nofp/libg.a(lib_a-freer.o)
 .debug_abbrev  0x0000000000003fad      0x226 /usr/lib/gcc/arm-none-eabi/10.3.1/../../../arm-none-eabi/lib/thumb/v7e-m/nofp/libg.a(lib_a-gettimeofdayr.o)
 .debug_abbrev  0x00000000000041d3      0x2f4 /usr/lib/gcc/arm-none-eabi/10.3.1/../../../arm-none-eabi/lib/thumb/v7e-m/nofp/libg.a(lib_a-reent.o)
 .debug_abbrev  0x00000000000044c7       0xc1 /usr/lib/gcc/arm-none-eabi/10.3.1/../../../arm-none-eabi/lib/thumb/v7e-m/nofp/libnosys.a(gettod.o)
 .debug_abbrev  0x0000000000004588       0x6a /usr/lib/gcc/arm-none-eabi/10.3.1/../../../arm-none-eabi/lib/thumb/v7e-m/nofp/libnosys.a(_exit.o)

.debug_loc      0x0000000000000000    0x11ccf
 .debug_loc     0x0000000000000000      0x9a2 objdir-CW308_STM32F4/simpleserial-mldsa.o
 .debug_loc     0x00000000000009a2      0x33a objdir-CW308_STM32F4/ntt.o
 .debug_loc     0x0000000000000cdc      0xc6a objdir-CW308_STM32F4/packing.o
 .debug_loc     0x0000000000001946     0x1c53 objdir-CW308_STM32F4/poly.o
 .debug_loc     0x0000000000003599     0x108d objdir-CW308_STM32F4/polyvec.o
 .debug_loc     0x0000000000004626      0x226 objdir-CW308_STM32F4/reduce.o
 .debug_loc     0x000000000000484c      0x51e objdir-CW308_STM32F4/rounding.o
 .debug_loc     0x0000000000004d6a      0xfd3 objdir-CW308_STM32F4/sign.o
 .debug_loc     0x0000000000005d3d      0x142 objdir-CW308_STM32F4/symmetric-shake.o
 .debug_loc     0x0000000000005e7f     0x5cb3 objdir-CW308_STM32F4/fips202.o
 .debug_loc     0x000000000000bb32      0x118 objdir-CW308_STM32F4/randombytes.o
 .debug_loc     0x000000000000bc4a     0x1c55 objdir-CW308_STM32F4/simpleserial.o
 .debug_loc     0x000000000000d89f      0x3e0 objdir-CW308_STM32F4/stm32f4_hal.o
 .debug_loc     0x000000000000dc7f     0x19a9 objdir-CW308_STM32F4/stm32f4_hal_lowlevel.o
 .debug_loc     0x000000000000f628       0xa6 objdir-CW308_STM32F4/stm32f4_sysmem.o
 .debug_loc     0x000000000000f6ce      0x5be objdir-CW308_STM32F4/stm32f4xx_hal_rng.o
 .debug_loc     0x000000000000fc8c       0x32 /usr/lib/gcc/arm-none-eabi/10.3.1/../../../arm-none-eabi/lib/thumb/v7e-m/nofp/libg.a(lib_a-atexit.o)
 .debug_loc     0x000000000000fcbe       0x22 /usr/lib/gcc/arm-none-eabi/10.3.1/../../../arm-none-eabi/lib/thumb/v7e-m/nofp/libg.a(lib_a-exit.o)
 .debug_loc     0x000000000000fce0       0x68 /usr/lib/gcc/arm-none-eabi/10.3.1/../../../arm-none-eabi/lib/thumb/v7e-m/nofp/libg.a(lib_a-fini.o)
 .debug_loc     0x000000000000fd48       0xba /usr/lib/gcc/arm-none-eabi/10.3.1/../../../arm-none-eabi/lib/thumb/v7e-m/nofp/libg.a(lib_a-init.o)
 .debug_loc     0x000000000000fe02       0x64 /usr/lib/gcc/arm-none-eabi/10.3.1/../../../arm-none-eabi/lib/thumb/v7e-m/nofp/libg.a(lib_a-malloc.o)
 .debug_loc     0x000000000000fe66      0xea2 /usr/lib/gcc/arm-none-eabi/10.3.1/../../../arm-none-eabi/lib/thumb/v7e-m/nofp/libg.a(lib_a-mallocr.o)
 .debug_loc     0x0000000000010d08      0x22c /usr/lib/gcc/arm-none-eabi/10.3.1/../../../arm-none-eabi/lib/thumb/v7e-m/nofp/libg.a(lib_a-memset.o)
 .debug_loc     0x0000000000010f34       0x38 /usr/lib/gcc/arm-none-eabi/10.3.1/../../../arm-none-eabi/lib/thumb/v7e-m/nofp/libg.a(lib_a-rand.o)
 .debug_loc     0x0000000000010f6c       0x6c /usr/lib/gcc/arm-none-eabi/10.3.1/../../../arm-none-eabi/lib/thumb/v7e-m/nofp/libg.a(lib_a-sbrkr.o)
 .debug_loc     0x0000000000010fd8       0x22 /usr/lib/gcc/arm-none-eabi/10.3.1/../../../arm-none-eabi/lib/thumb/v7e-m/nofp/libg.a(lib_a-time.o)
 .debug_loc     0x0000000000010ffa      0x138 /usr/lib/gcc/arm-none-eabi/10.3.1/../../../arm-none-eabi/lib/thumb/v7e-m/nofp/libg.a(lib_a-__atexit.o)
 .debug_loc     0x0000000000011132      0x1ae /usr/lib/gcc/arm-none-eabi/10.3.1/../../../arm-none-eabi/lib/thumb/v7e-m/nofp/libg.a(lib_a-__call_atexit.o)
 .debug_loc     0x00000000000112e0      0x6cc /usr/lib/gcc/arm-none-eabi/10.3.1/../../../arm-none-eabi/lib/thumb/v7e-m/nofp/libg.a(lib_a-freer.o)
 .debug_loc     0x00000000000119ac       0xab /usr/lib/gcc/arm-none-eabi/10.3.1/../../../arm-none-eabi/lib/thumb/v7e-m/nofp/libg.a(lib_a-gettimeofdayr.o)
 .debug_loc     0x0000000000011a57      0x23e /usr/lib/gcc/arm-none-eabi/10.3.1/../../../arm-none-eabi/lib/thumb/v7e-m/nofp/libg.a(lib_a-reent.o)
 .debug_loc     0x0000000000011c95       0x25 /usr/lib/gcc/arm-none-eabi/10.3.1/../../../arm-none-eabi/lib/thumb/v7e-m/nofp/libnosys.a(gettod.o)
 .debug_loc     0x0000000000011cba       0x15 /usr/lib/gcc/arm-none-eabi/10.3.1/../../../arm-none-eabi/lib/thumb/v7e-m/nofp/libnosys.a(_exit.o)

.debug_aranges  0x0000000000000000      0x9c8
 .debug_aranges
                0x0000000000000000       0x38 objdir-CW308_STM32F4/simpleserial-mldsa.o
 .debug_aranges
                0x0000000000000038       0x28 objdir-CW308_STM32F4/ntt.o
 .debug_aranges
                0x0000000000000060       0x48 objdir-CW308_STM32F4/packing.o
 .debug_aranges
                0x00000000000000a8       0xe8 objdir-CW308_STM32F4/poly.o
 .debug_aranges
                0x0000000000000190       0xe8 objdir-CW308_STM32F4/polyvec.o
 .debug_aranges
                0x0000000000000278       0x38 objdir-CW308_STM32F4/reduce.o
 .debug_aranges
                0x00000000000002b0       0x38 objdir-CW308_STM32F4/rounding.o
 .debug_aranges
                0x00000000000002e8       0x60 objdir-CW308_STM32F4/sign.o
 .debug_aranges
                0x0000000000000348       0x28 objdir-CW308_STM32F4/symmetric-shake.o
 .debug_aranges
                0x0000000000000370      0x170 objdir-CW308_STM32F4/fips202.o
 .debug_aranges
                0x00000000000004e0       0x20 objdir-CW308_STM32F4/randombytes.o
 .debug_aranges
                0x0000000000000500       0x78 objdir-CW308_STM32F4/simpleserial.o
 .debug_aranges
                0x0000000000000578       0x88 objdir-CW308_STM32F4/stm32f4_hal.o
 .debug_aranges
                0x0000000000000600       0x98 objdir-CW308_STM32F4/stm32f4_hal_lowlevel.o
 .debug_aranges
                0x0000000000000698       0x20 objdir-CW308_STM32F4/stm32f4_sysmem.o
 .debug_aranges
                0x00000000000006b8       0x70 objdir-CW308_STM32F4/stm32f4xx_hal_rng.o
 .debug_aranges
                0x0000000000000728       0x20 /usr/lib/gcc/arm-none-eabi/10.3.1/../../../arm-none-eabi/lib/thumb/v7e-m/nofp/libg.a(lib_a-atexit.o)
 .debug_aranges
                0x0000000000000748       0x20 /usr/lib/gcc/arm-none-eabi/10.3.1/../../../arm-none-eabi/lib/thumb/v7e-m/nofp/libg.a(lib_a-errno.o)
 .debug_aranges
                0x0000000000000768       0x20 /usr/lib/gcc/arm-none-eabi/10.3.1/../../../arm-none-eabi/lib/thumb/v7e-m/nofp/libg.a(lib_a-exit.o)
 .debug_aranges
                0x0000000000000788       0x20 /usr/lib/gcc/arm-none-eabi/10.3.1/../../../arm-none-eabi/lib/thumb/v7e-m/nofp/libg.a(lib_a-fini.o)
 .debug_aranges
                0x00000000000007a8       0x18 /usr/lib/gcc/arm-none-eabi/10.3.1/../../../arm-none-eabi/lib/thumb/v7e-m/nofp/libg.a(lib_a-impure.o)
 .debug_aranges
                0x00000000000007c0       0x20 /usr/lib/gcc/arm-none-eabi/10.3.1/../../../arm-none-eabi/lib/thumb/v7e-m/nofp/libg.a(lib_a-init.o)
 .debug_aranges
                0x00000000000007e0       0x20 /usr/lib/gcc/arm-none-eabi/10.3.1/../../../arm-none-eabi/lib/thumb/v7e-m/nofp/libg.a(lib_a-malloc.o)
 .debug_aranges
                0x0000000000000800       0x20 /usr/lib/gcc/arm-none-eabi/10.3.1/../../../arm-none-eabi/lib/thumb/v7e-m/nofp/libg.a(lib_a-mallocr.o)
 .debug_aranges
                0x0000000000000820       0x20 /usr/lib/gcc/arm-none-eabi/10.3.1/../../../arm-none-eabi/lib/thumb/v7e-m/nofp/libg.a(lib_a-memcpy.o)
 .debug_aranges
                0x0000000000000840       0x20 /usr/lib/gcc/arm-none-eabi/10.3.1/../../../arm-none-eabi/lib/thumb/v7e-m/nofp/libg.a(lib_a-memset.o)
 .debug_aranges
                0x0000000000000860       0x20 /usr/lib/gcc/arm-none-eabi/10.3.1/../../../arm-none-eabi/lib/thumb/v7e-m/nofp/libg.a(lib_a-mlock.o)
 .debug_aranges
                0x0000000000000880       0x20 /usr/lib/gcc/arm-none-eabi/10.3.1/../../../arm-none-eabi/lib/thumb/v7e-m/nofp/libg.a(lib_a-rand.o)
 .debug_aranges
                0x00000000000008a0       0x20 /usr/lib/gcc/arm-none-eabi/10.3.1/../../../arm-none-eabi/lib/thumb/v7e-m/nofp/libg.a(lib_a-sbrkr.o)
 .debug_aranges
                0x00000000000008c0       0x20 /usr/lib/gcc/arm-none-eabi/10.3.1/../../../arm-none-eabi/lib/thumb/v7e-m/nofp/libg.a(lib_a-time.o)
 .debug_aranges
                0x00000000000008e0       0x20 /usr/lib/gcc/arm-none-eabi/10.3.1/../../../arm-none-eabi/lib/thumb/v7e-m/nofp/libg.a(lib_a-__atexit.o)
 .debug_aranges
                0x0000000000000900       0x28 /usr/lib/gcc/arm-none-eabi/10.3.1/../../../arm-none-eabi/lib/thumb/v7e-m/nofp/libg.a(lib_a-__call_atexit.o)
 .debug_aranges
                0x0000000000000928       0x20 /usr/lib/gcc/arm-none-eabi/10.3.1/../../../arm-none-eabi/lib/thumb/v7e-m/nofp/libg.a(lib_a-freer.o)
 .debug_aranges
                0x0000000000000948       0x20 /usr/lib/gcc/arm-none-eabi/10.3.1/../../../arm-none-eabi/lib/thumb/v7e-m/nofp/libg.a(lib_a-gettimeofdayr.o)
 .debug_aranges
                0x0000000000000968       0x20 /usr/lib/gcc/arm-none-eabi/10.3.1/../../../arm-none-eabi/lib/thumb/v7e-m/nofp/libg.a(lib_a-reent.o)
 .debug_aranges
                0x0000000000000988       0x20 /usr/lib/gcc/arm-none-eabi/10.3.1/../../../arm-none-eabi/lib/thumb/v7e-m/nofp/libnosys.a(gettod.o)
 .debug_aranges
                0x00000000000009a8       0x20 /usr/lib/gcc/arm-none-eabi/10.3.1/../../../arm-none-eabi/lib/thumb/v7e-m/nofp/libnosys.a(_exit.o)

.debug_ranges   0x0000000000000000     0x1d50
 .debug_ranges  0x0000000000000000      0x128 objdir-CW308_STM32F4/simpleserial-mldsa.o
 .debug_ranges  0x0000000000000128       0x18 objdir-CW308_STM32F4/ntt.o
 .debug_ranges  0x0000000000000140       0x38 objdir-CW308_STM32F4/packing.o
 .debug_ranges  0x0000000000000178      0x158 objdir-CW308_STM32F4/poly.o
 .debug_ranges  0x00000000000002d0       0xd8 objdir-CW308_STM32F4/polyvec.o
 .debug_ranges  0x00000000000003a8       0x60 objdir-CW308_STM32F4/reduce.o
 .debug_ranges  0x0000000000000408       0x50 objdir-CW308_STM32F4/rounding.o
 .debug_ranges  0x0000000000000458       0x78 objdir-CW308_STM32F4/sign.o
 .debug_ranges  0x00000000000004d0       0x18 objdir-CW308_STM32F4/symmetric-shake.o
 .debug_ranges  0x00000000000004e8      0xe50 objdir-CW308_STM32F4/fips202.o
 .debug_ranges  0x0000000000001338       0x10 objdir-CW308_STM32F4/randombytes.o
 .debug_ranges  0x0000000000001348      0x208 objdir-CW308_STM32F4/simpleserial.o
 .debug_ranges  0x0000000000001550      0x140 objdir-CW308_STM32F4/stm32f4_hal.o
 .debug_ranges  0x0000000000001690      0x530 objdir-CW308_STM32F4/stm32f4_hal_lowlevel.o
 .debug_ranges  0x0000000000001bc0       0x10 objdir-CW308_STM32F4/stm32f4_sysmem.o
 .debug_ranges  0x0000000000001bd0       0xc8 objdir-CW308_STM32F4/stm32f4xx_hal_rng.o
 .debug_ranges  0x0000000000001c98       0x50 /usr/lib/gcc/arm-none-eabi/10.3.1/../../../arm-none-eabi/lib/thumb/v7e-m/nofp/libg.a(lib_a-mallocr.o)
 .debug_ranges  0x0000000000001ce8       0x50 /usr/lib/gcc/arm-none-eabi/10.3.1/../../../arm-none-eabi/lib/thumb/v7e-m/nofp/libg.a(lib_a-__call_atexit.o)
 .debug_ranges  0x0000000000001d38       0x18 /usr/lib/gcc/arm-none-eabi/10.3.1/../../../arm-none-eabi/lib/thumb/v7e-m/nofp/libg.a(lib_a-reent.o)

.debug_line     0x0000000000000000     0xe53b
 .debug_line    0x0000000000000000      0x5eb objdir-CW308_STM32F4/simpleserial-mldsa.o
 .debug_line    0x00000000000005eb      0x2dd objdir-CW308_STM32F4/ntt.o
 .debug_line    0x00000000000008c8      0xc10 objdir-CW308_STM32F4/packing.o
 .debug_line    0x00000000000014d8     0x171a objdir-CW308_STM32F4/poly.o
 .debug_line    0x0000000000002bf2      0x868 objdir-CW308_STM32F4/polyvec.o
 .debug_line    0x000000000000345a      0x13d objdir-CW308_STM32F4/reduce.o
 .debug_line    0x0000000000003597      0x1d7 objdir-CW308_STM32F4/rounding.o
 .debug_line    0x000000000000376e      0x51b objdir-CW308_STM32F4/sign.o
 .debug_line    0x0000000000003c89       0xd5 objdir-CW308_STM32F4/symmetric-shake.o
 .debug_line    0x0000000000003d5e     0x44e3 objdir-CW308_STM32F4/fips202.o
 .debug_line    0x0000000000008241       0xe1 objdir-CW308_STM32F4/randombytes.o
 .debug_line    0x0000000000008322     0x100e objdir-CW308_STM32F4/simpleserial.o
 .debug_line    0x0000000000009330      0x706 objdir-CW308_STM32F4/stm32f4_hal.o
 .debug_line    0x0000000000009a36     0x1ca5 objdir-CW308_STM32F4/stm32f4_hal_lowlevel.o
 .debug_line    0x000000000000b6db       0xe6 objdir-CW308_STM32F4/stm32f4_sysmem.o
 .debug_line    0x000000000000b7c1      0x55b objdir-CW308_STM32F4/stm32f4xx_hal_rng.o
 .debug_line    0x000000000000bd1c       0xc0 /usr/lib/gcc/arm-none-eabi/10.3.1/../../../arm-none-eabi/lib/thumb/v7e-m/nofp/libg.a(lib_a-atexit.o)
 .debug_line    0x000000000000bddc      0x109 /usr/lib/gcc/arm-none-eabi/10.3.1/../../../arm-none-eabi/lib/thumb/v7e-m/nofp/libg.a(lib_a-errno.o)
 .debug_line    0x000000000000bee5      0x179 /usr/lib/gcc/arm-none-eabi/10.3.1/../../../arm-none-eabi/lib/thumb/v7e-m/nofp/libg.a(lib_a-exit.o)
 .debug_line    0x000000000000c05e       0xed /usr/lib/gcc/arm-none-eabi/10.3.1/../../../arm-none-eabi/lib/thumb/v7e-m/nofp/libg.a(lib_a-fini.o)
 .debug_line    0x000000000000c14b       0xe4 /usr/lib/gcc/arm-none-eabi/10.3.1/../../../arm-none-eabi/lib/thumb/v7e-m/nofp/libg.a(lib_a-impure.o)
 .debug_line    0x000000000000c22f      0x138 /usr/lib/gcc/arm-none-eabi/10.3.1/../../../arm-none-eabi/lib/thumb/v7e-m/nofp/libg.a(lib_a-init.o)
 .debug_line    0x000000000000c367      0x15f /usr/lib/gcc/arm-none-eabi/10.3.1/../../../arm-none-eabi/lib/thumb/v7e-m/nofp/libg.a(lib_a-malloc.o)
 .debug_line    0x000000000000c4c6      0x8bc /usr/lib/gcc/arm-none-eabi/10.3.1/../../../arm-none-eabi/lib/thumb/v7e-m/nofp/libg.a(lib_a-mallocr.o)
 .debug_line    0x000000000000cd82       0xbe /usr/lib/gcc/arm-none-eabi/10.3.1/../../../arm-none-eabi/lib/thumb/v7e-m/nofp/libg.a(lib_a-memcpy.o)
 .debug_line    0x000000000000ce40      0x1bf /usr/lib/gcc/arm-none-eabi/10.3.1/../../../arm-none-eabi/lib/thumb/v7e-m/nofp/libg.a(lib_a-memset.o)
 .debug_line    0x000000000000cfff      0x13e /usr/lib/gcc/arm-none-eabi/10.3.1/../../../arm-none-eabi/lib/thumb/v7e-m/nofp/libg.a(lib_a-mlock.o)
 .debug_line    0x000000000000d13d      0x176 /usr/lib/gcc/arm-none-eabi/10.3.1/../../../arm-none-eabi/lib/thumb/v7e-m/nofp/libg.a(lib_a-rand.o)
 .debug_line    0x000000000000d2b3      0x183 /usr/lib/gcc/arm-none-eabi/10.3.1/../../../arm-none-eabi/lib/thumb/v7e-m/nofp/libg.a(lib_a-sbrkr.o)
 .debug_line    0x000000000000d436      0x1cf /usr/lib/gcc/arm-none-eabi/10.3.1/../../../arm-none-eabi/lib/thumb/v7e-m/nofp/libg.a(lib_a-time.o)
 .debug_line    0x000000000000d605      0x19e /usr/lib/gcc/arm-none-eabi/10.3.1/../../../arm-none-eabi/lib/thumb/v7e-m/nofp/libg.a(lib_a-__atexit.o)
 .debug_line    0x000000000000d7a3      0x294 /usr/lib/gcc/arm-none-eabi/10.3.1/../../../arm-none-eabi/lib/thumb/v7e-m/nofp/libg.a(lib_a-__call_atexit.o)
 .debug_line    0x000000000000da37      0x4fb /usr/lib/gcc/arm-none-eabi/10.3.1/../../../arm-none-eabi/lib/thumb/v7e-m/nofp/libg.a(lib_a-freer.o)
 .debug_line    0x000000000000df32      0x1f0 /usr/lib/gcc/arm-none-eabi/10.3.1/../../../arm-none-eabi/lib/thumb/v7e-m/nofp/libg.a(lib_a-gettimeofdayr.o)
 .debug_line    0x000000000000e122      0x28d /usr/lib/gcc/arm-none-eabi/10.3.1/../../../arm-none-eabi/lib/thumb/v7e-m/nofp/libg.a(lib_a-reent.o)
 .debug_line    0x000000000000e3af      0x117 /usr/lib/gcc/arm-none-eabi/10.3.1/../../../arm-none-eabi/lib/thumb/v7e-m/nofp/libnosys.a(gettod.o)
 .debug_line    0x000000000000e4c6       0x75 /usr/lib/gcc/arm-none-eabi/10.3.1/../../../arm-none-eabi/lib/thumb/v7e-m/nofp/libnosys.a(_exit.o)

.debug_str      0x0000000000000000     0x33ca
 .debug_str     0x0000000000000000      0x3ff objdir-CW308_STM32F4/simpleserial-mldsa.o
                                        0x45e (size before relaxing)
 .debug_str     0x00000000000003ff       0x77 objdir-CW308_STM32F4/ntt.o
                                        0x222 (size before relaxing)
 .debug_str     0x0000000000000476      0x1f8 objdir-CW308_STM32F4/packing.o
                                        0x3b9 (size before relaxing)
 .debug_str     0x000000000000066e      0x477 objdir-CW308_STM32F4/poly.o
                                        0x82d (size before relaxing)
 .debug_str     0x0000000000000ae5      0x333 objdir-CW308_STM32F4/polyvec.o
                                        0x89e (size before relaxing)
 .debug_str     0x0000000000000e18       0x26 objdir-CW308_STM32F4/reduce.o
                                        0x237 (size before relaxing)
 .debug_str     0x0000000000000e3e        0xb objdir-CW308_STM32F4/rounding.o
                                        0x22e (size before relaxing)
 .debug_str     0x0000000000000e49      0x19d objdir-CW308_STM32F4/sign.o
                                        0x97d (size before relaxing)
 .debug_str     0x0000000000000fe6       0x4e objdir-CW308_STM32F4/symmetric-shake.o
                                        0x2d2 (size before relaxing)
 .debug_str     0x0000000000001034      0x371 objdir-CW308_STM32F4/fips202.o
                                        0x67b (size before relaxing)
 .debug_str     0x00000000000013a5        0xe objdir-CW308_STM32F4/randombytes.o
                                        0x1e2 (size before relaxing)
 .debug_str     0x00000000000013b3      0x10f objdir-CW308_STM32F4/simpleserial.o
                                        0x34b (size before relaxing)
 .debug_str     0x00000000000014c2      0xb53 objdir-CW308_STM32F4/stm32f4_hal.o
                                        0xd98 (size before relaxing)
 .debug_str     0x0000000000002015      0x279 objdir-CW308_STM32F4/stm32f4_hal_lowlevel.o
                                        0xe37 (size before relaxing)
 .debug_str     0x000000000000228e       0x64 objdir-CW308_STM32F4/stm32f4_sysmem.o
                                        0x207 (size before relaxing)
 .debug_str     0x00000000000022f2      0x149 objdir-CW308_STM32F4/stm32f4xx_hal_rng.o
                                        0x44b (size before relaxing)
 .debug_str     0x000000000000243b      0x14e /usr/lib/gcc/arm-none-eabi/10.3.1/../../../arm-none-eabi/lib/thumb/v7e-m/nofp/libg.a(lib_a-atexit.o)
                                        0x1de (size before relaxing)
 .debug_str     0x0000000000002589      0x401 /usr/lib/gcc/arm-none-eabi/10.3.1/../../../arm-none-eabi/lib/thumb/v7e-m/nofp/libg.a(lib_a-errno.o)
                                        0x564 (size before relaxing)
 .debug_str     0x000000000000298a       0x5c /usr/lib/gcc/arm-none-eabi/10.3.1/../../../arm-none-eabi/lib/thumb/v7e-m/nofp/libg.a(lib_a-exit.o)
                                        0x585 (size before relaxing)
 .debug_str     0x00000000000029e6       0xbe /usr/lib/gcc/arm-none-eabi/10.3.1/../../../arm-none-eabi/lib/thumb/v7e-m/nofp/libg.a(lib_a-fini.o)
                                        0x1d6 (size before relaxing)
 .debug_str     0x0000000000002aa4       0x98 /usr/lib/gcc/arm-none-eabi/10.3.1/../../../arm-none-eabi/lib/thumb/v7e-m/nofp/libg.a(lib_a-impure.o)
                                        0x57c (size before relaxing)
 .debug_str     0x0000000000002b3c       0x90 /usr/lib/gcc/arm-none-eabi/10.3.1/../../../arm-none-eabi/lib/thumb/v7e-m/nofp/libg.a(lib_a-init.o)
                                        0x200 (size before relaxing)
 .debug_str     0x0000000000002bcc       0x52 /usr/lib/gcc/arm-none-eabi/10.3.1/../../../arm-none-eabi/lib/thumb/v7e-m/nofp/libg.a(lib_a-malloc.o)
                                        0x590 (size before relaxing)
 .debug_str     0x0000000000002c1e      0x21d /usr/lib/gcc/arm-none-eabi/10.3.1/../../../arm-none-eabi/lib/thumb/v7e-m/nofp/libg.a(lib_a-mallocr.o)
                                        0x781 (size before relaxing)
 .debug_str     0x0000000000002e3b       0xae /usr/lib/gcc/arm-none-eabi/10.3.1/../../../arm-none-eabi/lib/thumb/v7e-m/nofp/libg.a(lib_a-memcpy.o)
 .debug_str     0x0000000000002ee9       0xa2 /usr/lib/gcc/arm-none-eabi/10.3.1/../../../arm-none-eabi/lib/thumb/v7e-m/nofp/libg.a(lib_a-memset.o)
                                        0x1b5 (size before relaxing)
 .debug_str     0x0000000000002f8b       0x4c /usr/lib/gcc/arm-none-eabi/10.3.1/../../../arm-none-eabi/lib/thumb/v7e-m/nofp/libg.a(lib_a-mlock.o)
                                        0x589 (size before relaxing)
 .debug_str     0x0000000000002fd7       0x32 /usr/lib/gcc/arm-none-eabi/10.3.1/../../../arm-none-eabi/lib/thumb/v7e-m/nofp/libg.a(lib_a-rand.o)
                                        0x573 (size before relaxing)
 .debug_str     0x0000000000003009       0x3c /usr/lib/gcc/arm-none-eabi/10.3.1/../../../arm-none-eabi/lib/thumb/v7e-m/nofp/libg.a(lib_a-sbrkr.o)
                                        0x573 (size before relaxing)
 .debug_str     0x0000000000003045       0xcc /usr/lib/gcc/arm-none-eabi/10.3.1/../../../arm-none-eabi/lib/thumb/v7e-m/nofp/libg.a(lib_a-time.o)
                                        0x5b6 (size before relaxing)
 .debug_str     0x0000000000003111       0x3b /usr/lib/gcc/arm-none-eabi/10.3.1/../../../arm-none-eabi/lib/thumb/v7e-m/nofp/libg.a(lib_a-__atexit.o)
                                        0x5b6 (size before relaxing)
 .debug_str     0x000000000000314c       0x7c /usr/lib/gcc/arm-none-eabi/10.3.1/../../../arm-none-eabi/lib/thumb/v7e-m/nofp/libg.a(lib_a-__call_atexit.o)
                                        0x5e2 (size before relaxing)
 .debug_str     0x00000000000031c8       0x34 /usr/lib/gcc/arm-none-eabi/10.3.1/../../../arm-none-eabi/lib/thumb/v7e-m/nofp/libg.a(lib_a-freer.o)
                                        0x6cb (size before relaxing)
 .debug_str     0x00000000000031fc       0x5b /usr/lib/gcc/arm-none-eabi/10.3.1/../../../arm-none-eabi/lib/thumb/v7e-m/nofp/libg.a(lib_a-gettimeofdayr.o)
                                        0x5d7 (size before relaxing)
 .debug_str     0x0000000000003257       0x5e /usr/lib/gcc/arm-none-eabi/10.3.1/../../../arm-none-eabi/lib/thumb/v7e-m/nofp/libg.a(lib_a-reent.o)
                                        0x59b (size before relaxing)
 .debug_str     0x00000000000032b5       0xe6 /usr/lib/gcc/arm-none-eabi/10.3.1/../../../arm-none-eabi/lib/thumb/v7e-m/nofp/libnosys.a(gettod.o)
                                        0x1ea (size before relaxing)
 .debug_str     0x000000000000339b       0x2f /usr/lib/gcc/arm-none-eabi/10.3.1/../../../arm-none-eabi/lib/thumb/v7e-m/nofp/libnosys.a(_exit.o)
                                        0x17b (size before relaxing)

.debug_frame    0x0000000000000000     0x1ad8
 .debug_frame   0x0000000000000000       0x70 objdir-CW308_STM32F4/simpleserial-mldsa.o
 .debug_frame   0x0000000000000070       0x6c objdir-CW308_STM32F4/ntt.o
 .debug_frame   0x00000000000000dc       0xcc objdir-CW308_STM32F4/packing.o
 .debug_frame   0x00000000000001a8      0x2f8 objdir-CW308_STM32F4/poly.o
 .debug_frame   0x00000000000004a0      0x328 objdir-CW308_STM32F4/polyvec.o
 .debug_frame   0x00000000000007c8       0x5c objdir-CW308_STM32F4/reduce.o
 .debug_frame   0x0000000000000824       0x5c objdir-CW308_STM32F4/rounding.o
 .debug_frame   0x0000000000000880      0x18c objdir-CW308_STM32F4/sign.o
 .debug_frame   0x0000000000000a0c       0x50 objdir-CW308_STM32F4/symmetric-shake.o
 .debug_frame   0x0000000000000a5c      0x58c objdir-CW308_STM32F4/fips202.o
 .debug_frame   0x0000000000000fe8       0x2c objdir-CW308_STM32F4/randombytes.o
 .debug_frame   0x0000000000001014      0x188 objdir-CW308_STM32F4/simpleserial.o
 .debug_frame   0x000000000000119c      0x17c objdir-CW308_STM32F4/stm32f4_hal.o
 .debug_frame   0x0000000000001318      0x25c objdir-CW308_STM32F4/stm32f4_hal_lowlevel.o
 .debug_frame   0x0000000000001574       0x28 objdir-CW308_STM32F4/stm32f4_sysmem.o
 .debug_frame   0x000000000000159c      0x124 objdir-CW308_STM32F4/stm32f4xx_hal_rng.o
 .debug_frame   0x00000000000016c0       0x20 /usr/lib/gcc/arm-none-eabi/10.3.1/../../../arm-none-eabi/lib/thumb/v7e-m/nofp/libg.a(lib_a-atexit.o)
 .debug_frame   0x00000000000016e0       0x20 /usr/lib/gcc/arm-none-eabi/10.3.1/../../../arm-none-eabi/lib/thumb/v7e-m/nofp/libg.a(lib_a-errno.o)
 .debug_frame   0x0000000000001700       0x28 /usr/lib/gcc/arm-none-eabi/10.3.1/../../../arm-none-eabi/lib/thumb/v7e-m/nofp/libg.a(lib_a-exit.o)
 .debug_frame   0x0000000000001728       0x34 /usr/lib/gcc/arm-none-eabi/10.3.1/../../../arm-none-eabi/lib/thumb/v7e-m/nofp/libg.a(lib_a-fini.o)
 .debug_frame   0x000000000000175c       0x2c /usr/lib/gcc/arm-none-eabi/10.3.1/../../../arm-none-eabi/lib/thumb/v7e-m/nofp/libg.a(lib_a-init.o)
 .debug_frame   0x0000000000001788       0x30 /usr/lib/gcc/arm-none-eabi/10.3.1/../../../arm-none-eabi/lib/thumb/v7e-m/nofp/libg.a(lib_a-malloc.o)
 .debug_frame   0x00000000000017b8       0x4c /usr/lib/gcc/arm-none-eabi/10.3.1/../../../arm-none-eabi/lib/thumb/v7e-m/nofp/libg.a(lib_a-mallocr.o)
 .debug_frame   0x0000000000001804       0x2c /usr/lib/gcc/arm-none-eabi/10.3.1/../../../arm-none-eabi/lib/thumb/v7e-m/nofp/libg.a(lib_a-memset.o)
 .debug_frame   0x0000000000001830       0x30 /usr/lib/gcc/arm-none-eabi/10.3.1/../../../arm-none-eabi/lib/thumb/v7e-m/nofp/libg.a(lib_a-mlock.o)
 .debug_frame   0x0000000000001860       0x3c /usr/lib/gcc/arm-none-eabi/10.3.1/../../../arm-none-eabi/lib/thumb/v7e-m/nofp/libg.a(lib_a-rand.o)
 .debug_frame   0x000000000000189c       0x2c /usr/lib/gcc/arm-none-eabi/10.3.1/../../../arm-none-eabi/lib/thumb/v7e-m/nofp/libg.a(lib_a-sbrkr.o)
 .debug_frame   0x00000000000018c8       0x30 /usr/lib/gcc/arm-none-eabi/10.3.1/../../../arm-none-eabi/lib/thumb/v7e-m/nofp/libg.a(lib_a-time.o)
 .debug_frame   0x00000000000018f8       0x34 /usr/lib/gcc/arm-none-eabi/10.3.1/../../../arm-none-eabi/lib/thumb/v7e-m/nofp/libg.a(lib_a-__atexit.o)
 .debug_frame   0x000000000000192c       0x50 /usr/lib/gcc/arm-none-eabi/10.3.1/../../../arm-none-eabi/lib/thumb/v7e-m/nofp/libg.a(lib_a-__call_atexit.o)
 .debug_frame   0x000000000000197c       0x8c /usr/lib/gcc/arm-none-eabi/10.3.1/../../../arm-none-eabi/lib/thumb/v7e-m/nofp/libg.a(lib_a-freer.o)
 .debug_frame   0x0000000000001a08       0x2c /usr/lib/gcc/arm-none-eabi/10.3.1/../../../arm-none-eabi/lib/thumb/v7e-m/nofp/libg.a(lib_a-gettimeofdayr.o)
 .debug_frame   0x0000000000001a34       0x64 /usr/lib/gcc/arm-none-eabi/10.3.1/../../../arm-none-eabi/lib/thumb/v7e-m/nofp/libg.a(lib_a-reent.o)
 .debug_frame   0x0000000000001a98       0x20 /usr/lib/gcc/arm-none-eabi/10.3.1/../../../arm-none-eabi/lib/thumb/v7e-m/nofp/libnosys.a(gettod.o)
 .debug_frame   0x0000000000001ab8       0x20 /usr/lib/gcc/arm-none-eabi/10.3.1/../../../arm-none-eabi/lib/thumb/v7e-m/nofp/libnosys.a(_exit.o)

.stab           0x0000000000000000      0x15c
 .stab          0x0000000000000000      0x144 objdir-CW308_STM32F4/stm32f4_startup.o
 .stab          0x0000000000000144       0x18 /usr/lib/gcc/arm-none-eabi/10.3.1/../../../arm-none-eabi/lib/thumb/v7e-m/nofp/libnosys.a(gettod.o)
                                         0x24 (size before relaxing)

.stabstr        0x0000000000000000       0x8f
 .stabstr       0x0000000000000000       0x8f objdir-CW308_STM32F4/stm32f4_startup.o

Cross Reference Table

Symbol                                            File
BusFault_Handler                                  objdir-CW308_STM32F4/stm32f4_startup.o
DebugMon_Handler                                  objdir-CW308_STM32F4/stm32f4_startup.o
Default_Handler                                   objdir-CW308_STM32F4/stm32f4_startup.o
HAL_CRYP_AESECB_Decrypt                           objdir-CW308_STM32F4/stm32f4_hal_lowlevel.o
                                                  objdir-CW308_STM32F4/stm32f4_hal.o
HAL_CRYP_AESECB_Encrypt                           objdir-CW308_STM32F4/stm32f4_hal_lowlevel.o
                                                  objdir-CW308_STM32F4/stm32f4_hal.o
HAL_CRYP_DeInit                                   objdir-CW308_STM32F4/stm32f4_hal_lowlevel.o
HAL_CRYP_Init                                     objdir-CW308_STM32F4/stm32f4_hal_lowlevel.o
                                                  objdir-CW308_STM32F4/stm32f4_hal.o
HAL_GPIO_Init                                     objdir-CW308_STM32F4/stm32f4_hal_lowlevel.o
                                                  objdir-CW308_STM32F4/stm32f4_hal.o
HAL_GPIO_WritePin                                 objdir-CW308_STM32F4/stm32f4_hal_lowlevel.o
                                                  objdir-CW308_STM32F4/stm32f4_hal.o
HAL_GetTick                                       objdir-CW308_STM32F4/stm32f4_hal_lowlevel.o
                                                  objdir-CW308_STM32F4/stm32f4xx_hal_rng.o
HAL_RCC_ClockConfig                               objdir-CW308_STM32F4/stm32f4_hal_lowlevel.o
                                                  objdir-CW308_STM32F4/stm32f4_hal.o
HAL_RCC_GetPCLK1Freq                              objdir-CW308_STM32F4/stm32f4_hal_lowlevel.o
HAL_RCC_GetPCLK2Freq                              objdir-CW308_STM32F4/stm32f4_hal_lowlevel.o
HAL_RCC_OscConfig                                 objdir-CW308_STM32F4/stm32f4_hal_lowlevel.o
                                                  objdir-CW308_STM32F4/stm32f4_hal.o
HAL_RNG_DeInit                                    objdir-CW308_STM32F4/stm32f4xx_hal_rng.o
HAL_RNG_ErrorCallback                             objdir-CW308_STM32F4/stm32f4xx_hal_rng.o
HAL_RNG_GenerateRandomNumber                      objdir-CW308_STM32F4/stm32f4xx_hal_rng.o
                                                  objdir-CW308_STM32F4/stm32f4_hal.o
HAL_RNG_GenerateRandomNumber_IT                   objdir-CW308_STM32F4/stm32f4xx_hal_rng.o
HAL_RNG_GetRandomNumber                           objdir-CW308_STM32F4/stm32f4xx_hal_rng.o
HAL_RNG_GetRandomNumber_IT                        objdir-CW308_STM32F4/stm32f4xx_hal_rng.o
HAL_RNG_GetState                                  objdir-CW308_STM32F4/stm32f4xx_hal_rng.o
HAL_RNG_IRQHandler                                objdir-CW308_STM32F4/stm32f4xx_hal_rng.o
HAL_RNG_Init                                      objdir-CW308_STM32F4/stm32f4xx_hal_rng.o
                                                  objdir-CW308_STM32F4/stm32f4_hal.o
HAL_RNG_MspDeInit                                 objdir-CW308_STM32F4/stm32f4xx_hal_rng.o
HAL_RNG_MspInit                                   objdir-CW308_STM32F4/stm32f4xx_hal_rng.o
HAL_RNG_ReadLastRandomNumber                      objdir-CW308_STM32F4/stm32f4xx_hal_rng.o
HAL_RNG_ReadyDataCallback                         objdir-CW308_STM32F4/stm32f4xx_hal_rng.o
HAL_UART_Init                                     objdir-CW308_STM32F4/stm32f4_hal_lowlevel.o
                                                  objdir-CW308_STM32F4/stm32f4_hal.o
HAL_UART_Receive                                  objdir-CW308_STM32F4/stm32f4_hal_lowlevel.o
                                                  objdir-CW308_STM32F4/stm32f4_hal.o
HAL_UART_Transmit                                 objdir-CW308_STM32F4/stm32f4_hal_lowlevel.o
                                                  objdir-CW308_STM32F4/stm32f4_hal.o
HW_AES128_Dec                                     objdir-CW308_STM32F4/stm32f4_hal.o
HW_AES128_Enc                                     objdir-CW308_STM32F4/stm32f4_hal.o
HW_AES128_Enc_posttrigger                         objdir-CW308_STM32F4/stm32f4_hal.o
HW_AES128_Enc_pretrigger                          objdir-CW308_STM32F4/stm32f4_hal.o
HW_AES128_Init                                    objdir-CW308_STM32F4/stm32f4_hal.o
HW_AES128_LoadKey                                 objdir-CW308_STM32F4/stm32f4_hal.o
HardFault_Handler                                 objdir-CW308_STM32F4/stm32f4_startup.o
MemManage_Handler                                 objdir-CW308_STM32F4/stm32f4_startup.o
NMI_Handler                                       objdir-CW308_STM32F4/stm32f4_startup.o
PQCLEAN_MLDSA44_CLEAN_caddq                       objdir-CW308_STM32F4/reduce.o
                                                  objdir-CW308_STM32F4/poly.o
PQCLEAN_MLDSA44_CLEAN_crypto_sign                 objdir-CW308_STM32F4/sign.o
PQCLEAN_MLDSA44_CLEAN_crypto_sign_ctx             objdir-CW308_STM32F4/sign.o
PQCLEAN_MLDSA44_CLEAN_crypto_sign_keypair         objdir-CW308_STM32F4/sign.o
                                                  objdir-CW308_STM32F4/simpleserial-mldsa.o
PQCLEAN_MLDSA44_CLEAN_crypto_sign_open            objdir-CW308_STM32F4/sign.o
PQCLEAN_MLDSA44_CLEAN_crypto_sign_open_ctx        objdir-CW308_STM32F4/sign.o
PQCLEAN_MLDSA44_CLEAN_crypto_sign_signature       objdir-CW308_STM32F4/sign.o
PQCLEAN_MLDSA44_CLEAN_crypto_sign_signature_ctx   objdir-CW308_STM32F4/sign.o
PQCLEAN_MLDSA44_CLEAN_crypto_sign_verify          objdir-CW308_STM32F4/sign.o
PQCLEAN_MLDSA44_CLEAN_crypto_sign_verify_ctx      objdir-CW308_STM32F4/sign.o
PQCLEAN_MLDSA44_CLEAN_decompose                   objdir-CW308_STM32F4/rounding.o
                                                  objdir-CW308_STM32F4/poly.o
PQCLEAN_MLDSA44_CLEAN_dilithium_shake128_stream_init objdir-CW308_STM32F4/symmetric-shake.o
                                                  objdir-CW308_STM32F4/poly.o
PQCLEAN_MLDSA44_CLEAN_dilithium_shake256_stream_init objdir-CW308_STM32F4/symmetric-shake.o
                                                  objdir-CW308_STM32F4/poly.o
PQCLEAN_MLDSA44_CLEAN_freeze                      objdir-CW308_STM32F4/reduce.o
PQCLEAN_MLDSA44_CLEAN_invntt_tomont               objdir-CW308_STM32F4/ntt.o
                                                  objdir-CW308_STM32F4/poly.o
PQCLEAN_MLDSA44_CLEAN_make_hint                   objdir-CW308_STM32F4/rounding.o
                                                  objdir-CW308_STM32F4/poly.o
PQCLEAN_MLDSA44_CLEAN_montgomery_reduce           objdir-CW308_STM32F4/reduce.o
                                                  objdir-CW308_STM32F4/poly.o
                                                  objdir-CW308_STM32F4/ntt.o
PQCLEAN_MLDSA44_CLEAN_ntt                         objdir-CW308_STM32F4/ntt.o
                                                  objdir-CW308_STM32F4/poly.o
PQCLEAN_MLDSA44_CLEAN_pack_pk                     objdir-CW308_STM32F4/packing.o
                                                  objdir-CW308_STM32F4/sign.o
PQCLEAN_MLDSA44_CLEAN_pack_sig                    objdir-CW308_STM32F4/packing.o
                                                  objdir-CW308_STM32F4/sign.o
PQCLEAN_MLDSA44_CLEAN_pack_sk                     objdir-CW308_STM32F4/packing.o
                                                  objdir-CW308_STM32F4/sign.o
PQCLEAN_MLDSA44_CLEAN_poly_add                    objdir-CW308_STM32F4/poly.o
                                                  objdir-CW308_STM32F4/polyvec.o
PQCLEAN_MLDSA44_CLEAN_poly_caddq                  objdir-CW308_STM32F4/poly.o
                                                  objdir-CW308_STM32F4/polyvec.o
PQCLEAN_MLDSA44_CLEAN_poly_challenge              objdir-CW308_STM32F4/poly.o
                                                  objdir-CW308_STM32F4/sign.o
                                                  objdir-CW308_STM32F4/simpleserial-mldsa.o
PQCLEAN_MLDSA44_CLEAN_poly_chknorm                objdir-CW308_STM32F4/poly.o
                                                  objdir-CW308_STM32F4/polyvec.o
PQCLEAN_MLDSA44_CLEAN_poly_decompose              objdir-CW308_STM32F4/poly.o
                                                  objdir-CW308_STM32F4/polyvec.o
PQCLEAN_MLDSA44_CLEAN_poly_invntt_tomont          objdir-CW308_STM32F4/poly.o
                                                  objdir-CW308_STM32F4/polyvec.o
PQCLEAN_MLDSA44_CLEAN_poly_make_hint              objdir-CW308_STM32F4/poly.o
                                                  objdir-CW308_STM32F4/polyvec.o
PQCLEAN_MLDSA44_CLEAN_poly_ntt                    objdir-CW308_STM32F4/poly.o
                                                  objdir-CW308_STM32F4/sign.o
                                                  objdir-CW308_STM32F4/polyvec.o
                                                  objdir-CW308_STM32F4/simpleserial-mldsa.o
PQCLEAN_MLDSA44_CLEAN_poly_pointwise_montgomery   objdir-CW308_STM32F4/poly.o
                                                  objdir-CW308_STM32F4/polyvec.o
PQCLEAN_MLDSA44_CLEAN_poly_power2round            objdir-CW308_STM32F4/poly.o
                                                  objdir-CW308_STM32F4/polyvec.o
PQCLEAN_MLDSA44_CLEAN_poly_reduce                 objdir-CW308_STM32F4/poly.o
                                                  objdir-CW308_STM32F4/polyvec.o
PQCLEAN_MLDSA44_CLEAN_poly_shiftl                 objdir-CW308_STM32F4/poly.o
                                                  objdir-CW308_STM32F4/polyvec.o
PQCLEAN_MLDSA44_CLEAN_poly_sub                    objdir-CW308_STM32F4/poly.o
                                                  objdir-CW308_STM32F4/polyvec.o
PQCLEAN_MLDSA44_CLEAN_poly_uniform                objdir-CW308_STM32F4/poly.o
                                                  objdir-CW308_STM32F4/polyvec.o
PQCLEAN_MLDSA44_CLEAN_poly_uniform_eta            objdir-CW308_STM32F4/poly.o
                                                  objdir-CW308_STM32F4/polyvec.o
PQCLEAN_MLDSA44_CLEAN_poly_uniform_gamma1         objdir-CW308_STM32F4/poly.o
                                                  objdir-CW308_STM32F4/polyvec.o
PQCLEAN_MLDSA44_CLEAN_poly_use_hint               objdir-CW308_STM32F4/poly.o
                                                  objdir-CW308_STM32F4/polyvec.o
PQCLEAN_MLDSA44_CLEAN_polyeta_pack                objdir-CW308_STM32F4/poly.o
                                                  objdir-CW308_STM32F4/packing.o
PQCLEAN_MLDSA44_CLEAN_polyeta_unpack              objdir-CW308_STM32F4/poly.o
                                                  objdir-CW308_STM32F4/packing.o
PQCLEAN_MLDSA44_CLEAN_polyt0_pack                 objdir-CW308_STM32F4/poly.o
                                                  objdir-CW308_STM32F4/packing.o
PQCLEAN_MLDSA44_CLEAN_polyt0_unpack               objdir-CW308_STM32F4/poly.o
                                                  objdir-CW308_STM32F4/packing.o
PQCLEAN_MLDSA44_CLEAN_polyt1_pack                 objdir-CW308_STM32F4/poly.o
                                                  objdir-CW308_STM32F4/packing.o
PQCLEAN_MLDSA44_CLEAN_polyt1_unpack               objdir-CW308_STM32F4/poly.o
                                                  objdir-CW308_STM32F4/packing.o
PQCLEAN_MLDSA44_CLEAN_polyvec_matrix_expand       objdir-CW308_STM32F4/polyvec.o
                                                  objdir-CW308_STM32F4/sign.o
PQCLEAN_MLDSA44_CLEAN_polyvec_matrix_pointwise_montgomery objdir-CW308_STM32F4/polyvec.o
                                                  objdir-CW308_STM32F4/sign.o
PQCLEAN_MLDSA44_CLEAN_polyveck_add                objdir-CW308_STM32F4/polyvec.o
                                                  objdir-CW308_STM32F4/sign.o
PQCLEAN_MLDSA44_CLEAN_polyveck_caddq              objdir-CW308_STM32F4/polyvec.o
                                                  objdir-CW308_STM32F4/sign.o
PQCLEAN_MLDSA44_CLEAN_polyveck_chknorm            objdir-CW308_STM32F4/polyvec.o
                                                  objdir-CW308_STM32F4/sign.o
PQCLEAN_MLDSA44_CLEAN_polyveck_decompose          objdir-CW308_STM32F4/polyvec.o
                                                  objdir-CW308_STM32F4/sign.o
PQCLEAN_MLDSA44_CLEAN_polyveck_invntt_tomont      objdir-CW308_STM32F4/polyvec.o
                                                  objdir-CW308_STM32F4/sign.o
PQCLEAN_MLDSA44_CLEAN_polyveck_make_hint          objdir-CW308_STM32F4/polyvec.o
                                                  objdir-CW308_STM32F4/sign.o
PQCLEAN_MLDSA44_CLEAN_polyveck_ntt                objdir-CW308_STM32F4/polyvec.o
                                                  objdir-CW308_STM32F4/sign.o
PQCLEAN_MLDSA44_CLEAN_polyveck_pack_w1            objdir-CW308_STM32F4/polyvec.o
                                                  objdir-CW308_STM32F4/sign.o
PQCLEAN_MLDSA44_CLEAN_polyveck_pointwise_poly_montgomery objdir-CW308_STM32F4/polyvec.o
                                                  objdir-CW308_STM32F4/sign.o
PQCLEAN_MLDSA44_CLEAN_polyveck_power2round        objdir-CW308_STM32F4/polyvec.o
                                                  objdir-CW308_STM32F4/sign.o
PQCLEAN_MLDSA44_CLEAN_polyveck_reduce             objdir-CW308_STM32F4/polyvec.o
                                                  objdir-CW308_STM32F4/sign.o
PQCLEAN_MLDSA44_CLEAN_polyveck_shiftl             objdir-CW308_STM32F4/polyvec.o
                                                  objdir-CW308_STM32F4/sign.o
PQCLEAN_MLDSA44_CLEAN_polyveck_sub                objdir-CW308_STM32F4/polyvec.o
                                                  objdir-CW308_STM32F4/sign.o
PQCLEAN_MLDSA44_CLEAN_polyveck_uniform_eta        objdir-CW308_STM32F4/polyvec.o
                                                  objdir-CW308_STM32F4/sign.o
PQCLEAN_MLDSA44_CLEAN_polyveck_use_hint           objdir-CW308_STM32F4/polyvec.o
                                                  objdir-CW308_STM32F4/sign.o
PQCLEAN_MLDSA44_CLEAN_polyvecl_add                objdir-CW308_STM32F4/polyvec.o
                                                  objdir-CW308_STM32F4/sign.o
                                                  objdir-CW308_STM32F4/simpleserial-mldsa.o
PQCLEAN_MLDSA44_CLEAN_polyvecl_chknorm            objdir-CW308_STM32F4/polyvec.o
                                                  objdir-CW308_STM32F4/sign.o
PQCLEAN_MLDSA44_CLEAN_polyvecl_invntt_tomont      objdir-CW308_STM32F4/polyvec.o
                                                  objdir-CW308_STM32F4/sign.o
                                                  objdir-CW308_STM32F4/simpleserial-mldsa.o
PQCLEAN_MLDSA44_CLEAN_polyvecl_ntt                objdir-CW308_STM32F4/polyvec.o
                                                  objdir-CW308_STM32F4/sign.o
                                                  objdir-CW308_STM32F4/simpleserial-mldsa.o
PQCLEAN_MLDSA44_CLEAN_polyvecl_pointwise_acc_montgomery objdir-CW308_STM32F4/polyvec.o
PQCLEAN_MLDSA44_CLEAN_polyvecl_pointwise_poly_montgomery objdir-CW308_STM32F4/polyvec.o
                                                  objdir-CW308_STM32F4/sign.o
                                                  objdir-CW308_STM32F4/simpleserial-mldsa.o
PQCLEAN_MLDSA44_CLEAN_polyvecl_reduce             objdir-CW308_STM32F4/polyvec.o
                                                  objdir-CW308_STM32F4/sign.o
                                                  objdir-CW308_STM32F4/simpleserial-mldsa.o
PQCLEAN_MLDSA44_CLEAN_polyvecl_uniform_eta        objdir-CW308_STM32F4/polyvec.o
                                                  objdir-CW308_STM32F4/sign.o
                                                  objdir-CW308_STM32F4/simpleserial-mldsa.o
PQCLEAN_MLDSA44_CLEAN_polyvecl_uniform_gamma1     objdir-CW308_STM32F4/polyvec.o
                                                  objdir-CW308_STM32F4/sign.o
                                                  objdir-CW308_STM32F4/simpleserial-mldsa.o
PQCLEAN_MLDSA44_CLEAN_polyw1_pack                 objdir-CW308_STM32F4/poly.o
                                                  objdir-CW308_STM32F4/polyvec.o
PQCLEAN_MLDSA44_CLEAN_polyz_pack                  objdir-CW308_STM32F4/poly.o
                                                  objdir-CW308_STM32F4/packing.o
PQCLEAN_MLDSA44_CLEAN_polyz_unpack                objdir-CW308_STM32F4/poly.o
                                                  objdir-CW308_STM32F4/packing.o
PQCLEAN_MLDSA44_CLEAN_power2round                 objdir-CW308_STM32F4/rounding.o
                                                  objdir-CW308_STM32F4/poly.o
PQCLEAN_MLDSA44_CLEAN_reduce32                    objdir-CW308_STM32F4/reduce.o
                                                  objdir-CW308_STM32F4/poly.o
PQCLEAN_MLDSA44_CLEAN_unpack_pk                   objdir-CW308_STM32F4/packing.o